http://ideamache.ecologylab.net/i/get_composition/OwhZjsTZG4/
http://ideamache.ecologylab.net/i/get_composition/qHbScKMr4y/
http://ideamache.ecologylab.net/i/get_composition/jkFnENkLlR/
http://ideamache.ecologylab.net/i/get_composition/HPP64h0VM2/
http://ideamache.ecologylab.net/i/get_composition/iXQM0LU9Hq/
http://ideamache.ecologylab.net/i/get_composition/nWkUrtAeV9/
http://ideamache.ecologylab.net/i/get_composition/aBAc3HgICB/
http://ideamache.ecologylab.net/i/get_composition/NCrLz9n3Z6/
http://ideamache.ecologylab.net/i/get_composition/wTPYPzjJdd/
http://ideamache.ecologylab.net/i/get_composition/IGg6i6dCkQ/
http://ideamache.ecologylab.net/i/get_composition/Ph8MyrsCW3/
http://ideamache.ecologylab.net/i/get_composition/h7xVlVj24Y/
http://ideamache.ecologylab.net/i/get_composition/MWG84vHGAS/
http://ideamache.ecologylab.net/i/get_composition/EWRA28xegt/
http://ideamache.ecologylab.net/i/get_composition/GIsj8ktuh2/
http://ideamache.ecologylab.net/i/get_composition/QRmWgAzJOB/
http://ideamache.ecologylab.net/i/get_composition/LOi2JxXJJz/
http://ideamache.ecologylab.net/i/get_composition/tI1E1nIfoW/
http://ideamache.ecologylab.net/i/get_composition/2QnAagqGCL/
http://ideamache.ecologylab.net/i/get_composition/1Qa1599lBI/
http://ideamache.ecologylab.net/i/get_composition/dN6Auud648/
http://ideamache.ecologylab.net/i/get_composition/KeqTukfPp4/
http://ideamache.ecologylab.net/i/get_composition/79ceTMmckK/
http://ideamache.ecologylab.net/i/get_composition/rvbq7tL7AN/
http://ideamache.ecologylab.net/i/get_composition/NDZ06llskE/
http://ideamache.ecologylab.net/i/get_composition/Fjth3TExmJ/
http://ideamache.ecologylab.net/i/get_composition/CnDQsJOgOD/
http://ideamache.ecologylab.net/i/get_composition/KGYY3ifpkJ/
http://ideamache.ecologylab.net/i/get_composition/K6Fv42ngua/
http://ideamache.ecologylab.net/i/get_composition/fM5YFmGwDS/
http://ideamache.ecologylab.net/i/get_composition/ZqDsgdGo0S/
http://ideamache.ecologylab.net/i/get_composition/dvcYaah11G/
http://ideamache.ecologylab.net/i/get_composition/nLwZK0n2x8/
http://ideamache.ecologylab.net/i/get_composition/LuGB7Ksde6/
http://ideamache.ecologylab.net/i/get_composition/RvWxu8IE2h/
http://ideamache.ecologylab.net/i/get_composition/gjGmU1x0u3/
http://ideamache.ecologylab.net/i/get_composition/46Ntx1vE3l/
http://ideamache.ecologylab.net/i/get_composition/TLcKlOXRMN/
http://ideamache.ecologylab.net/i/get_composition/BgGJC8sl1a/
http://ideamache.ecologylab.net/i/get_composition/Q3E0PKNAbt/
http://ideamache.ecologylab.net/i/get_composition/bcxqz1jutQ/
http://ideamache.ecologylab.net/i/get_composition/XjspXvnYWX/
http://ideamache.ecologylab.net/i/get_composition/31Mwos3gXE/
http://ideamache.ecologylab.net/i/get_composition/2ZY0eyJa5G/
http://ideamache.ecologylab.net/i/get_composition/rfOLTKzY5j/
http://ideamache.ecologylab.net/i/get_composition/D5PRfhTyIb/
http://ideamache.ecologylab.net/i/get_composition/CGO7kyjOFd/
http://ideamache.ecologylab.net/i/get_composition/noyLs7pvw8/
http://ideamache.ecologylab.net/i/get_composition/FUaPX8YFkl/
http://ideamache.ecologylab.net/i/get_composition/L2QVQO5GcY/
http://ideamache.ecologylab.net/i/get_composition/bbO9oDqRSu/
http://ideamache.ecologylab.net/i/get_composition/u5oxUnWoQl/
http://ideamache.ecologylab.net/i/get_composition/CtxWoMFp3K/
http://ideamache.ecologylab.net/i/get_composition/ZH2NrPB1ga/
http://ideamache.ecologylab.net/i/get_composition/jZCIoPWijY/
http://ideamache.ecologylab.net/i/get_composition/jJAluVrF7j/
http://ideamache.ecologylab.net/i/get_composition/qhTpDNk02X/
http://ideamache.ecologylab.net/i/get_composition/Mzyre8rriY/
http://ideamache.ecologylab.net/i/get_composition/ANKAD9OW3n/
http://ideamache.ecologylab.net/i/get_composition/WVp6UIYhJb/
http://ideamache.ecologylab.net/i/get_composition/XDS8bkGf7H/
http://ideamache.ecologylab.net/i/get_composition/PsmnyJMMpn/
http://ideamache.ecologylab.net/i/get_composition/80C8cegG0i/
http://ideamache.ecologylab.net/i/get_composition/QAGDQUaYra/
http://ideamache.ecologylab.net/i/get_composition/wHI7Lau3HN/
http://ideamache.ecologylab.net/i/get_composition/dqd3SI0Gj1/
http://ideamache.ecologylab.net/i/get_composition/ne0kbBMtuf/
http://ideamache.ecologylab.net/i/get_composition/KiISS3o9h6/
http://ideamache.ecologylab.net/i/get_composition/vbt8plnp66/
http://ideamache.ecologylab.net/i/get_composition/bPNSyyvxPt/
http://ideamache.ecologylab.net/i/get_composition/T5pJ5zlkm8/
http://ideamache.ecologylab.net/i/get_composition/lTmtra9WcB/
http://ideamache.ecologylab.net/i/get_composition/u9BQEFI9ju/
http://ideamache.ecologylab.net/i/get_composition/rTCpSRupWI/
http://ideamache.ecologylab.net/i/get_composition/jNj61SC5KU/
http://ideamache.ecologylab.net/i/get_composition/t4e0waEbZE/
http://ideamache.ecologylab.net/i/get_composition/NyJzAxPFAW/
http://ideamache.ecologylab.net/i/get_composition/RspElwiL3F/
http://ideamache.ecologylab.net/i/get_composition/KcFDr7HIFK/
http://ideamache.ecologylab.net/i/get_composition/dmE0zIeDOK/
http://ideamache.ecologylab.net/i/get_composition/vCYGwiejiv/
http://ideamache.ecologylab.net/i/get_composition/k2ZDMaKNVm/
http://ideamache.ecologylab.net/i/get_composition/DeiyC2cHVD/
http://ideamache.ecologylab.net/i/get_composition/klTWDu8UPN/
http://ideamache.ecologylab.net/i/get_composition/nFbhJqZzQA/
http://ideamache.ecologylab.net/i/get_composition/MzA09nyTdw/
http://ideamache.ecologylab.net/i/get_composition/My2tL4vG20/
http://ideamache.ecologylab.net/i/get_composition/PFn19j4uSk/
http://ideamache.ecologylab.net/i/get_composition/Cca5i7A5MB/
http://ideamache.ecologylab.net/i/get_composition/qwNE76oc14/
http://ideamache.ecologylab.net/i/get_composition/c9R7csYdbn/
http://ideamache.ecologylab.net/i/get_composition/3aVO14KLZ4/
http://ideamache.ecologylab.net/i/get_composition/4e6nLz7xQq/
http://ideamache.ecologylab.net/i/get_composition/VskE9eqqQz/
http://ideamache.ecologylab.net/i/get_composition/f8zxR7gbKg/
http://ideamache.ecologylab.net/i/get_composition/WTMRfW02i2/
http://ideamache.ecologylab.net/i/get_composition/exHblHuoPh/
http://ideamache.ecologylab.net/i/get_composition/34ynN5Gi82/
http://ideamache.ecologylab.net/i/get_composition/dyz5PU31w7/
http://ideamache.ecologylab.net/i/get_composition/gsPrv4cYbA/
http://ideamache.ecologylab.net/i/get_composition/V0roN0f1FV/
http://ideamache.ecologylab.net/i/get_composition/FYAveuyP8j/
http://ideamache.ecologylab.net/i/get_composition/jmUCwVfuv2/
http://ideamache.ecologylab.net/i/get_composition/MFzPdwpBFk/
http://ideamache.ecologylab.net/i/get_composition/VW1usSZgfB/
http://ideamache.ecologylab.net/i/get_composition/KUG5HAdBMD/
http://ideamache.ecologylab.net/i/get_composition/IR3YqD5NuR/
http://ideamache.ecologylab.net/i/get_composition/KNx0iX9OKb/
http://ideamache.ecologylab.net/i/get_composition/JtkuStUnFY/
http://ideamache.ecologylab.net/i/get_composition/EYViNXmCrA/
http://ideamache.ecologylab.net/i/get_composition/bYLHzvAnYg/
http://ideamache.ecologylab.net/i/get_composition/xGHGrLolen/
http://ideamache.ecologylab.net/i/get_composition/UTyu4lgqm8/
http://ideamache.ecologylab.net/i/get_composition/HCVfr2Wd0O/
http://ideamache.ecologylab.net/i/get_composition/igCtszGQGp/
http://ideamache.ecologylab.net/i/get_composition/uZ07jfvmpX/
http://ideamache.ecologylab.net/i/get_composition/zqDtdexvY1/
http://ideamache.ecologylab.net/i/get_composition/rCTzPJpWrj/
http://ideamache.ecologylab.net/i/get_composition/owoQkwTyIY/
http://ideamache.ecologylab.net/i/get_composition/DEO1Jb6SF4/
http://ideamache.ecologylab.net/i/get_composition/AIr0ABHeN3/
http://ideamache.ecologylab.net/i/get_composition/8SMiSnDZZY/
http://ideamache.ecologylab.net/i/get_composition/q1CvGEO55e/
http://ideamache.ecologylab.net/i/get_composition/Zh6bYGJ01Q/
http://ideamache.ecologylab.net/i/get_composition/rwFnJaSy2t/
http://ideamache.ecologylab.net/i/get_composition/roGWtDUqmN/
http://ideamache.ecologylab.net/i/get_composition/sFvZPQykRS/
http://ideamache.ecologylab.net/i/get_composition/NPwdssglS1/
http://ideamache.ecologylab.net/i/get_composition/AKn12ox6nv/
http://ideamache.ecologylab.net/i/get_composition/lZMWtgqO0M/
http://ideamache.ecologylab.net/i/get_composition/RDzZHql7Eu/
http://ideamache.ecologylab.net/i/get_composition/53eGy8Pjkr/
http://ideamache.ecologylab.net/i/get_composition/dc90LnZLIN/
http://ideamache.ecologylab.net/i/get_composition/9oHn3HeTf1/
http://ideamache.ecologylab.net/i/get_composition/F18CuBj1oG/
http://ideamache.ecologylab.net/i/get_composition/ymtWnAsR9n/
http://ideamache.ecologylab.net/i/get_composition/E7vbTQUczi/
http://ideamache.ecologylab.net/i/get_composition/uUEhhEpxli/
http://ideamache.ecologylab.net/i/get_composition/DEN8qpisxg/
http://ideamache.ecologylab.net/i/get_composition/7LZY9mnZds/
http://ideamache.ecologylab.net/i/get_composition/Jx3LHAaThM/
http://ideamache.ecologylab.net/i/get_composition/ZnbXySMnmX/
http://ideamache.ecologylab.net/i/get_composition/FYTxm2a1Xz/
http://ideamache.ecologylab.net/i/get_composition/5qIwwatkxB/
http://ideamache.ecologylab.net/i/get_composition/HM3O1zBsep/
http://ideamache.ecologylab.net/i/get_composition/yvfbULw1tb/
http://ideamache.ecologylab.net/i/get_composition/5H0SflJEZB/
http://ideamache.ecologylab.net/i/get_composition/zzITbE1Uh2/
http://ideamache.ecologylab.net/i/get_composition/NwnQ0AgDe4/
http://ideamache.ecologylab.net/i/get_composition/ZJ3d5mKmq6/
http://ideamache.ecologylab.net/i/get_composition/9fodBOnxDO/
http://ideamache.ecologylab.net/i/get_composition/EI8OpqrmOr/
http://ideamache.ecologylab.net/i/get_composition/IXeiiTQnHI/
http://ideamache.ecologylab.net/i/get_composition/Fdod3E0Z0o/
http://ideamache.ecologylab.net/i/get_composition/YCP368M5P8/
http://ideamache.ecologylab.net/i/get_composition/opNZJv9zPI/
http://ideamache.ecologylab.net/i/get_composition/ReNSSogd1f/
http://ideamache.ecologylab.net/i/get_composition/77uFXa7JqK/
http://ideamache.ecologylab.net/i/get_composition/mtrjQjjOfG/
http://ideamache.ecologylab.net/i/get_composition/qHPn731hXO/
http://ideamache.ecologylab.net/i/get_composition/u182Ejp7M1/
http://ideamache.ecologylab.net/i/get_composition/lR6XzsLT18/
http://ideamache.ecologylab.net/i/get_composition/TyRWJHyOsQ/
http://ideamache.ecologylab.net/i/get_composition/BoAP3Ixg3h/
http://ideamache.ecologylab.net/i/get_composition/w61BlYPMac/
http://ideamache.ecologylab.net/i/get_composition/jLUfHx2Xu2/
http://ideamache.ecologylab.net/i/get_composition/1qiMYr21S0/
http://ideamache.ecologylab.net/i/get_composition/l0beaQLuLU/
http://ideamache.ecologylab.net/i/get_composition/vlpbfrwK7f/
http://ideamache.ecologylab.net/i/get_composition/CoBOIGjHP0/
http://ideamache.ecologylab.net/i/get_composition/SJoDhSbCSc/
http://ideamache.ecologylab.net/i/get_composition/is5nltoKeL/
http://ideamache.ecologylab.net/i/get_composition/O7cg4QnBjg/
http://ideamache.ecologylab.net/i/get_composition/qgK8p8WW01/
http://ideamache.ecologylab.net/i/get_composition/Og7dL4yd7R/
http://ideamache.ecologylab.net/i/get_composition/oohgGYMjBU/
http://ideamache.ecologylab.net/i/get_composition/1VWIOtPjjx/
http://ideamache.ecologylab.net/i/get_composition/Dq31SNVp6P/
http://ideamache.ecologylab.net/i/get_composition/p4QF4WSf0q/
http://ideamache.ecologylab.net/i/get_composition/0ZKOK6VkOO/
http://ideamache.ecologylab.net/i/get_composition/IHHBbUCw1m/
http://ideamache.ecologylab.net/i/get_composition/Ugwom0VaRe/
http://ideamache.ecologylab.net/i/get_composition/s7s9fO6PDb/
http://ideamache.ecologylab.net/i/get_composition/x4PviFXhlO/
http://ideamache.ecologylab.net/i/get_composition/IQv0Qb98IK/
