http://www.ncbi.nlm.nih.gov/pubmed/22439083
http://www.ncbi.nlm.nih.gov/pubmed/23180662
http://www.ncbi.nlm.nih.gov/pubmed?term=%22Eur+J+Immunol%22[jour]
http://www.ncbi.nlm.nih.gov/pubmed?term=Shameli%20A[Author]&cauthor=true&cauthor_uid=23180662
http://citeseerx.ist.psu.edu/viewdoc/similar?doi=10.1.1.167.1350&type=sc
http://citeseerx.ist.psu.edu/showciting?doi=10.1.1.31.1768
http://citeseerx.ist.psu.edu/search?q=pad+zooming+graphical+interface
http://citeseerx.ist.psu.edu/viewdoc/summary?doi=10.1.1.167.1350
http://www.google.com/search?tbo=p&tbm=pts&hl=en&q=ininventor:%22Patricia+Maes%22
http://www.google.com/search?tbo=p&tbm=pts&hl=en&q=ininventor:%22Natan+Linder%22
http://www.google.com/patents/US20100045705
http://www.google.com/patents/US7953462
http://www.uspto.gov/web/patents/classification/uspc725/defs725.htm
http://bks8.books.google.com/patents?id=kz_NAAAAEBAJ&printsec=abstract&img=1&zoom=1&sig=ACfU3U3KH5aI9FWAEoN6HkNrmXZT4i7ejg
"http://www.google.com/patents?id=dtIXAAAAEBAJ&output=text&pg=PA3&img=1&zoom=3&hl=en&q=fire+pit&cds=1&sig=ACfU3U11rwTzwz4BhgQj0ywkgkm6T6DKaQ&edge=0&edge=stretch&ci=108,127,774,1199"
http://www.scopus.com/results/citedbyresults.url?sort=plf-f&cite=2-s2.0-56049084874&src=s&imp=t&sot=cite&sdt=a&sl=0&origin=inward
http://www.scopus.com/results/results.url?sort=plf-f&src=s&sot=aut&sdt=a&sl=17&s=AU-ID%287005439892%29&origin=AuthorProfile&reselectAuthorsLinkName=Huynh%2c+David+F.
http://www.scopus.com/record/display.url?eid=2-s2.0-49949098043&origin=resultslist&sort=plf-f&src=s&sot=aut&sdt=a&sl=35&s=AU-ID%28%22Huynh%2c+David+F.%22+7005439892%29
http://www.scopus.com/record/display.url?eid=2-s2.0-35348863146&origin=resultslist&sort=plf-f&src=s&sot=aut&sdt=a&sl=35&s=AU-ID%28%22Huynh%2c+David+F.%22+7005439892%29
http://www.scopus.com/authid/detail.url?authorId=7005439892
http://www.citeulike.org/user/dwenig/article/828279
http://www.citeulike.org/user/laurapapaleo/article/2901818
http://www.citeulike.org/user/dwenig
http://www.citeulike.org/author/Hearst:MA
http://www.citeulike.org/user/jsun/author/Hofmann:T
http://www.citeulike.org/tag/semantic
http://www.citeulike.org/user/yoelabreu84/tag/semantic
http://www.citeulike.org/search/all?q=latent+semantic
http://ieeexplore.ieee.org/xpl/articleDetails.jsp?arnumber=1532126
http://dl.acm.org/author_page.cfm?id=81100203284&dsp=coll
http://dl.acm.org/inst_page.cfm?id=1013772
http://dl.acm.org/citation.cfm?id=2063231.2063237&preflayout=flat
http://dl.acm.org/citation.cfm?id=642611.642681&preflayout=flat
http://dl.acm.org/author_page.cfm?id=81100203284&srt=meta_published_date%20dsc&role=Author&perpage=10
http://public.globecartoon.com/cgi-bin/WebObjects/globecartoon.woa/wo/13.0.13.5.9
http://www.rottentomatoes.com/m/inglourious_basterds/
http://movies.netflix.com/Movie/A_Dangerous_Method/70158333
http://www1.hilton.com/en_US/hi/hotel/DFWANHH/index.do;jsessionid=FA645984CF5E8826E0DD207A9049F0AE.etc42
http://www.tripadvisor.com/Hotel_Review-g30196-d98474-Reviews-The_Driskill-Austin_Texas.html
http://www.homeaway.com/vacation-rental/p100000
http://www.airbnb.com/rooms/72247
https://www.google.com/search?tbm=isch&hl=en&q=watergate
http://www.amazon.com/gp/registry/wishlist/ref=wish_list
http://www.amazon.com/gp/bestsellers/books/6
http://www.newegg.com/Product/Product.aspx?Item=N82E16813128532
http://www.amazon.com/Cook-Books-amp-more/lm/R1PADW7FZALCHA/
http://www.amazon.com/Twilight-Saga-Breaking-Two-Disc-Special/dp/B002BWP49C
http://www.amazon.com/Samsung-UN60D7000-60-Inch-1080p-Silver/dp/B004QFGGTY
http://www.amazon.com/Deathly-Hallows-Movie-Only-Edition-UltraViolet/dp/B005O30Y5Y
http://www.amazon.co.uk/gp/bestsellers/books/515344
http://www.nsf.gov/awardsearch/piSearch.do?SearchType=piSearch&page=1&IncludeCOPI=true&PIFirstName=Andruid&PILastName=Kerne
http://www.nsf.gov/div/index.jsp?div=IIS
http://www.nsf.gov/awardsearch/showAward.do?AwardNumber=0747428
http://www.nsf.gov/awardsearch/showAward.do?AwardNumber=0803854
http://www.nsf.gov/awardsearch/showAward.do?AwardNumber=1123972
http://www.nsf.gov/funding/pgm_summ.jsp?pims_id=503302
http://www.nsf.gov/funding/pgm_summ.jsp?pims_id=503581
http://www.nsf.gov/funding/pgm_summ.jsp?pims_id=503286
http://www.tandfonline.com/doi/ref/10.1080/15332861.2012.689565
http://science.slashdot.org/story/12/09/14/1834239/smooth-high-definition-video-of-curiositys-landing-on-mars
http://en.wikipedia.org/wiki/Type_system
http://en.wikipedia.org/wiki/Velcro
http://en.wikipedia.org/wiki/Category:Brand_name_materials
http://en.wikipedia.org/wiki/Category:Theoretical_physicists
http://www.nytimes.com/2012/08/28/science/earth/sea-ice-in-arctic-measured-at-record-low.html
http://www.youtube.com/watch?v=NLlGopyXT_g
http://www.sciencedirect.com/science/article/pii/S1570826808000693
http://www.tv.com/shows/house
http://babydot74.wordpress.com/2012/09/17/whats-for-dinner/
http://chocolatebottle.wordpress.com/2012/09/13/disney-social-media-moms-on-the-road-charlotte/
http://ohnaturelle.wordpress.com/2012/09/11/the-waterfront-restaurant/
http://thingswemake.wordpress.com/
http://babydot74.wordpress.com/
http://chocolatebottle.wordpress.com/
http://readcookdevour.wordpress.com/
http://traveleat.wordpress.com/
http://dirophil.wordpress.com/
http://poffdevblog.wordpress.com/
http://ohnaturelle.wordpress.com/
http://www.imdb.com/title/tt0137523/
http://www.imdb.com/title/tt0110912/
http://www.flickr.com/photos/kali-kold/
http://www.flickr.com/photos/barockschloss/tags/potato/
http://www.flickr.com/photos/kali-kold/map/?photo=5756890544
http://www.flickr.com/people/maxfined/
http://www.flickr.com/photos/barockschloss/tags/potato/
http://www.urbanspoon.com/f/114/11800/College-Station/American-Restaurants
http://www.urbanspoon.com/r/114/875031/restaurant/College-Station/Christophers-World-Grill-Bryan
http://www.overstock.com/Home-Garden/Bodipedic-Essentials-8-inch-Queen-size-Memory-Foam-Mattress/6153386/product.html?rcmndsrc=4
http://dl.acm.org/citation.cfm?id=1795387
http://dl.acm.org/citation.cfm?id=1148170.1148196
http://dl.acm.org/citation.cfm?id=1645953.1645966
http://dl.acm.org/citation.cfm?id=1835572
http://dl.acm.org/citation.cfm?id=1835621
http://dl.acm.org/citation.cfm?id=1871745
http://dl.acm.org/citation.cfm?id=1646146
http://citeseerx.ist.psu.edu/viewdoc/summary?doi=10.1.1.31.1768
http://dl.acm.org/citation.cfm?id=297827
http://ieeexplore.ieee.org/xpl/articleDetails.jsp?arnumber=1208999
http://dl.acm.org/citation.cfm?id=313121
http://dl.acm.org/citation.cfm?id=564440
http://ieeexplore.ieee.org/xpl/articleDetails.jsp?arnumber=1532126
http://www.sciencedirect.com/science/article/pii/S1570826805000089
http://dl.acm.org/citation.cfm?id=2034731
