http://www.amazon.com/dp/B007HCCNJU
http://www.amazon.com/dp/B00AWH595M
http://www.amazon.com/dp/B00BTI6HBS
http://www.amazon.com/dp/B00CU0NSCU
http://www.amazon.com/dp/B00DOPNO4M
http://www.amazon.com/dp/B00DOPNLJ0
http://www.amazon.com/NAUTICA-Nautica-Mens-Reversible-Bomber/dp/B00D842YNG
http://www.amazon.com/Tommy-Hilfiger-Mens-Ribbon-Inlay/dp/B00387EEOK
http://www.amazon.com/Dockers-Signature-Khaki-Straight-Front/dp/B0030DF8R4
http://www.amazon.com/Levis-Mens-559-Relaxed-Straight/dp/B0018OT2PG
http://www.amazon.com/Calvin-Klein-Non-Iron-Slim-Fit-Dress/dp/B0058YTOP0
http://www.amazon.com/Levis-Mens-505-Straight-Regular/dp/B0018OMIMK
http://www.amazon.com/Levis-501-Basic-Mens-501-Jean/dp/B0018OR118
http://www.amazon.com/NAUTICA-Nautica-Mens-Reversible-Bomber/dp/B00D842YNG
http://www.amazon.com/London-Fog-Auburn-Front-Jacket/dp/B005EVM32I
http://www.amazon.com/Nautica-Mens-Big-Tall-Barracuda-Bomber/dp/B00DTPDCU8
http://www.amazon.com/Nautica-Mens-Vinyard-Reversible-Jacket/dp/B008F2PC58
http://www.amazon.com/Nautica-Baracuda-Water-Repellent-Bomber/dp/B0086EJTJ0
http://www.amazon.com/Tommy-Hilfiger-Mens-Classic-Bomber/dp/B00CU5D1L8
http://www.amazon.com/Tommy-Hilfiger-Classic-Puffer-Jacket/dp/B00CU5D1LI
http://www.amazon.com/Tommy-Hilfiger-Packet-Utility-Removable/dp/B00CU5D1KY
http://www.amazon.com/Tommy-Hilfiger-Packet-Fashion-Puffer/dp/B00CU5D1KE
http://www.amazon.com/Tommy-Hilfiger-Mens-Classic-Peacoat/dp/B00CU5INSE
http://www.amazon.com/Tommy-Hilfiger-Logan-Cotton-Jacket/dp/B00EQ9NKUI
http://www.amazon.com/Calvin-Klein-Jeans-Bomber-Jacket/dp/B00D2KG0UY
http://www.amazon.com/Levis-Mens-550-Relaxed-Jean/dp/B0018OKX68
http://www.amazon.com/Levis-Mens-559-Relaxed-Straight/dp/B007VLSAGW
http://www.amazon.com/Levis-Mens-514-Straight-Jean/dp/B00CTLVY8K
http://www.amazon.com/Levis-501-Basic-Mens-501-Jean/dp/B00DOWKDPI
http://www.amazon.com/Levis-Mens-505-Straight-Regular/dp/B0018OMIMK
http://www.amazon.com/Levis-Mens-550-Relaxed-Jean/dp/B0018OKX68
http://www.amazon.com/Levis-Mens-560-Comfort-Jean/dp/B0018OOF6M
http://www.amazon.com/Wrangler-Mens-Rugged-Wear-Relaxed/dp/B0007G8W3O
http://www.amazon.com/Levis-Mens-Brown-Black-Reversible/dp/B002RWJ7C6
http://www.amazon.com/Levis-Mens-Big-Tall-Relaxed-Straight/dp/B00CRXK0H6
http://www.amazon.com/dp/product-description/B0018OKX68/ref=dp_proddesc_0?ie=UTF8&n=1036592&s=apparel
http://www.amazon.com/Pashmina-Animal-Print-Fringed-Shoulder/dp/B00FZ5QN5G
http://www.amazon.com/Scarfands-Weight-Infinity-Colors-Chevron/dp/B00B2PMF5K
http://www.amazon.com/Polka-Floral-Vintage-Super-Infinity/dp/B00CPQHVPY
http://www.amazon.com/ForeverScarf-Solid-Color-Knitted-Infinity/dp/B00F1R69OS
http://www.amazon.com/Cotton-Cantina-Chevron-Infinity-Contrasting/dp/B00CIBCJA8
http://www.amazon.com/Spring-Pattern-Flower-Infinity-Variety/dp/B00BPJKBC2
http://www.amazon.com/ForeverScarf-Plaid-Stripe-Pattern-Infinity/dp/B00BPJK532
http://www.amazon.com/niceEshop-Fashion-Chain-Leopard-Scarf-Pink/dp/B00DM05640
http://www.amazon.com/Scarfands-Weight-Infinity-Colors-Chevron/dp/B00B2PMF5K
http://www.amazon.com/Lightweight-Spring-Infinity-Chevron-Print/dp/B00C8L4Y9M
http://www.amazon.com/Plum-Feathers-Elegant-Infinity-Jersey/dp/B00G2FNQVM
http://www.amazon.com/SCARF_TRADINGINC%C2%AE-Elegant-Weight-Crinkle-Infinity/dp/B00BIQWE4U
http://www.amazon.com/Marvels-The-Avengers-Robert-Downey/dp/B0099RFVXQ
http://www.amazon.com/The-Italian-Job-Mark-Wahlberg/dp/B0035LMTZA
http://www.amazon.com/The-Hunger-Games-Jennifer-Lawrence/dp/B008Y7N7JW
http://www.amazon.com/Grease-HD-Randal-Kleiser/dp/B009NX1YT6
http://www.amazon.com/Miss-Congeniality-HD-Sandra-Bullock/dp/B002R5HQDK
http://www.amazon.com/The-Fountain-HD-Hugh-Jackman/dp/B008ROF4VG
http://www.amazon.com/Beetlejuice-HD-Alec-Baldwin/dp/B002KJX4IE
http://www.amazon.com/Amazon-com-Gift-Cards-Greeting-Shipping/dp/BT00CTOUNS
http://www.amazon.com/Amazon-1_US_Email-Gift-Card-E-mail/dp/B004LLIKVU?_encoding=UTF8&s=gift-cards
http://www.amazon.com/Amazon-Gift-Card-Birthday-Candles/dp/B00A48G0D4?_encoding=UTF8&s=gift-cards
http://www.amazon.com/Amazon-com-Gift-Cards-E-mail-Delivery/dp/BT00DDVMVQ?_encoding=UTF8&s=gift-cards
http://www.amazon.com/Amazon-Gift-Card-E-mail-Thank/dp/B00B2TFSO6?_encoding=UTF8&s=gift-cards
http://www.amazon.com/Amazon-Gift-Card-Upload-Photo/dp/B0066AZGD4?_encoding=UTF8&s=gift-cards
http://www.amazon.com/Amazon-Gift-Card-Birthday-Presents/dp/B007V6EVY2?_encoding=UTF8&s=gift-cards
http://www.amazon.com/Amazon-Gift-Card-E-mail-Kindle/dp/B004LLIKY2?_encoding=UTF8&s=gift-cards
http://www.amazon.com/Amazon-Gift-Card-E-mail-Birthday/dp/B00CHSWG6O?_encoding=UTF8&s=gift-cards
http://www.amazon.com/Amazon-Gift-Card-Birthday-Animated/dp/B00BWDH368?_encoding=UTF8&s=gift-cards
http://www.amazon.com/Amazon-Gift-Card-Bewitched-Birthday/dp/B00BWDH77S?_encoding=UTF8&s=gift-cards
http://www.amazon.com/dp/B007OZNUCE
http://www.amazon.com/dp/B0083Q04IQ
http://www.amazon.com/dp/B0083PWAPW
http://www.amazon.com/dp/B008GFRE5A
http://www.amazon.com/dp/B008GFRDL0
http://www.amazon.com/Organic-Bodysuit-Eggplant-6-9-Months/dp/B00FQVA45E
http://www.amazon.com/Nautica-Baby-Boys-Infant-Collar-Sweater/dp/B00EJHNI9U
http://www.amazon.com/Nautica-Baby-Boys-Infant-Stitch-Sweater/dp/B00EJHMO9A
http://www.amazon.com/Nautica-Baby-Boys-Infant-Sweater-Heather/dp/B00EJHMTXQ
http://www.amazon.com/Nautica-Baby-Boys-Infant-Sweater-Cherry/dp/B00EJHN5YS
http://www.amazon.com/Pink-Platinum-Baby-Girls-Cheetah-Snowsuit/dp/B00DM28FMI
http://www.amazon.com/Nautica-Baby-Boys-Infant-Sweater-Months/dp/B00EJHN070
http://www.amazon.com/Pink-Platinum-Baby-Girls-Snowsuit-Strawberry/dp/B00DM28GJK
http://www.amazon.com/Calvin-Klein-Baby-Girls-Newborn-Bodysuit/dp/B00CHGPDGQ
http://www.amazon.com/Hudson-Baby-Sleeve-Bodysuit-9-12M/dp/B00F2OYS0M
http://www.amazon.com/Young-Hearts-Baby-Girls-Infant-Jacket/dp/B00CBSYDCK
http://www.amazon.com/Pink-Platinum-Baby-Girls-Strawberry-1-Piece/dp/B00FQVNJBA
http://www.amazon.com/Nautica-Baby-Boys-Infant-Sweater-Cherry/dp/B00EJHMJZO
http://www.amazon.com/Little-Lass-Baby-Girls-Infant-Sweater/dp/B00D6CAM8O
http://www.amazon.com/Hudson-Baby-Sleeve-Bodysuits-Penguin/dp/B00F2OYOQ0
http://www.amazon.com/Nautica-Baby-Boys-Infant-Sweater-Heather/dp/B00EJHNO6C
http://www.amazon.com/Calvin-Klein-Baby-Boys-Newborn-Bodysuit/dp/B00CHGPIAC
http://www.amazon.com/Little-Lass-Baby-Girls-Envelope-Sweater/dp/B00D6CAJXC
http://www.amazon.com/Little-Lass-Baby-Girls-Infant-Rosette/dp/B00D6CAZEA
http://www.amazon.com/Calvin-Klein-Baby-Girls-Newborn-Bodysuit/dp/B00CHGPDGG
http://www.amazon.com/Little-Lass-Baby-Girls-Infant-Jacket/dp/B00CJB7SL2
http://www.amazon.com/Little-Lass-Baby-Girls-Ruffled-Sweater/dp/B00D6CAHSO
http://www.amazon.com/Little-Rebels-Baby-boys-Infant-Months/dp/B00CUEIV96
http://www.amazon.com/Calvin-Klein-Baby-Girls-Newborn-Bodysuit/dp/B00CHGPCL2
http://www.amazon.com/Pink-Platinum-Baby-Girls-Contrast-Turquiose/dp/B00DM286HC
http://www.amazon.com/Columbia-Unisex-Baby-Infant-Snuggly-Bunting/dp/B00AKFYVOQ
http://www.amazon.com/Calvin-Klein-Baby-Boys-Infant-Hooded/dp/B00CI0J2HW
http://www.amazon.com/Little-Lass-Baby-Girls-Infant-Hooded/dp/B00D6CAXA6
http://www.amazon.com/Calvin-Klein-Baby-Girls-Newborn-Bodysuit/dp/B00CHGPBK4
http://www.amazon.com/Calvin-Klein-Baby-Girls-Newborn-Bodysuit/dp/B00CHGPCZS
http://www.amazon.com/Hudson-Baby-Sleeve-Bodysuits-9-12M/dp/B00F2OZ8UQ
http://www.amazon.com/Nautica-Baby-Boys-Infant-Sweater-Peacoat/dp/B00EJHNNMW
http://www.amazon.com/Little-Lass-Baby-Girls-Infant-Belted/dp/B00CJB7VGE
http://www.amazon.com/Hudson-Baby-Organic-Bodysuit-Purple/dp/B00FEL9146
http://www.amazon.com/Columbia-Unisex-Baby-Infant-Bunting-Collegiate/dp/B00AKGT6G8
http://www.amazon.com/Little-Lass-Baby-Girls-Infant-Sweater/dp/B00D6CAQF8
http://www.amazon.com/Calvin-Klein-Baby-Girls-Infant-Velour/dp/B00CI0HQ70
http://www.amazon.com/Little-Lass-Baby-Girls-Infant-Sweater/dp/B00D6CAOA0
http://www.amazon.com/Little-Lass-Baby-Girls-Infant-Fuchsia/dp/B00CJB7SSK
http://www.amazon.com/Calvin-Klein-Baby-Boys-Newborn-Bodysuit/dp/B00CHGPHP8
http://www.amazon.com/Puma-Baby-Girls-Infant-Colorblock-Hooded/dp/B00E6O30SU
http://www.amazon.com/Calvin-Klein-Baby-Girls-Newborn-Bodysuit/dp/B00CHGPDR0
http://www.amazon.com/Calvin-Klein-Baby-Girls-Newborn-Bodysuit/dp/B00CHGPDR0
http://www.amazon.com/Nautica-Baby-Boys-Infant-Sport-Months/dp/B00EL8ZNJ0
http://www.amazon.com/Calvin-Klein-Baby-Boys-Infant-Months/dp/B00CI1Z87E
http://www.amazon.com/Little-Lass-Baby-Girls-Infant-Cardigan/dp/B00CJB7RP4
http://www.amazon.com/Nautica-Baby-Boys-Infant-Sweater-Peacoat/dp/B00EJHMZ9O
http://www.amazon.com/Calvin-Klein-Baby-Girls-Newborn-Bodysuit/dp/B00CHGPBNG
http://www.amazon.com/Pink-Platinum-Infant-12-24M-Snowsuit/dp/B00EZCMOP8
http://www.amazon.com/Anne-Klein-Womens-Jersey-Swing/dp/B00DM2HPKG
http://www.amazon.com/Anne-Klein-Womens-Ribbon-Swing/dp/B00DM2H6BE
http://www.amazon.com/Anne-Klein-Womens-Jersey-Heather/dp/B00DM2HZTM
http://www.amazon.com/GUESS-Womens-Poinsettia-Off-The-Shoulder-Sweater/dp/B00FASJGP2
http://www.amazon.com/Anne-Klein-Womens-Fairisle-Jersey/dp/B00E0WRK48
http://www.amazon.com/Maggy-London-Womens-Printed-Jersey/dp/B00DCTLO4C
http://www.amazon.com/Gabby-Skye-Womens-Sleeve-Hunter/dp/B00EETDRDU
http://www.amazon.com/Karen-Kane-Womens-Turtleneck-Medium/dp/B00DI6IN48
http://www.amazon.com/Volcom-Juniors-Sweeter-Sweater-X-Large/dp/B00CB091SY
http://www.amazon.com/Tiana-Womens-Printed-Dress-X-Large/dp/B00DSI8JKE
http://www.amazon.com/Kensie-Womens-Drapey-French-Heather/dp/B00DNRA9D0
http://www.amazon.com/Tiana-Womens-Floral-Bodice-Ponte/dp/B00DRCIYLU
http://www.amazon.com/Sequin-Hearts-My-Michelle-Juniors/dp/B00E96IJ4K
http://www.amazon.com/My-Michelle-Juniors-Dress-Silver/dp/B00EB4CJSW
http://www.amazon.com/Calvin-Klein-Womens-Sheath-Charcoal/dp/B00CM3IEYW
http://www.amazon.com/Jessica-Howard-Womens-Shirred-Party/dp/B00C92NE4G
http://www.amazon.com/Nine-West-Dresses-Womens-Trumpet/dp/B00DM16A62
http://www.amazon.com/Calvin-Klein-Womens-Eggshell-X-Large/dp/B00EALSWIC
http://www.amazon.com/Jones-New-York-Womens-Jersey/dp/B00DWXN9X2
http://www.amazon.com/Donna-Morgan-Womens-Dress-Black/dp/B00DYT4X9I
http://www.amazon.com/Isaac-Mizrahi-Womens-Sleeve-Fuchsia/dp/B00DME47K0
http://www.amazon.com/NY-Collection-Womens-Barbados-Cherry/dp/B00D8BR1YG
http://www.amazon.com/KAMALIKULTURE-Womens-Stripe-V-Neck-Dress/dp/B009RW4QBQ
http://www.amazon.com/Jessica-Simpson-Womens-Exposed-Champagne/dp/B00DYXHRD8
http://www.amazon.com/Calvin-Klein-Womens-Print-Scoop/dp/B00CPKJR4S
http://www.amazon.com/Neon-Buddha-Womens-Inspiring-Exquisite/dp/B00DPH8BBA
http://www.amazon.com/Tiana-Womens-Paisley-Printed-Sheath/dp/B00DSI8O5E
http://www.amazon.com/Jones-New-York-Printed-Sleeved/dp/B00DWXNRAW
