http://www.ncbi.nlm.nih.gov/pubmed/22439083
http://www.ncbi.nlm.nih.gov/pubmed/23180662
http://citeseerx.ist.psu.edu/viewdoc/similar?doi=10.1.1.167.1350&type=sc
http://citeseerx.ist.psu.edu/showciting?doi=10.1.1.31.1768
http://citeseerx.ist.psu.edu/search?q=pad+zooming+graphical+interface
http://citeseerx.ist.psu.edu/viewdoc/summary?doi=10.1.1.167.1350
http://www.google.com/patents/US20100045705
http://www.google.com/patents/US7953462
http://www.uspto.gov/web/patents/classification/uspc725/defs725.htm
http://www.scopus.com/results/citedbyresults.url;jsessionid=157A0F763C157E3A700E0A81F3E9E1F4.CnvicAmOODVwpVrjSeqQ?edit.scft=1
http://www.scopus.com/authid/detail.url;jsessionid=5D68EB5D479CEA095C4C850A917C7120.iqs8TDG0Wy6BURhzD3nFA?edit.scft=1
http://www.citeulike.org/user/dwenig
http://www.citeulike.org/author/Hearst:MA
http://ieeexplore.ieee.org:80/xpl/articleDetails.jsp?arnumber=1532126
http://dl.acm.org/author_page.cfm?id=81100203284&dsp=coll
http://dl.acm.org/inst_page.cfm?id=1013772
http://dl.acm.org/author_page.cfm?id=81100203284&role=Author&srt=meta_published_date+dsc&perpage=10
http://public.globecartoon.com/cgi-bin/WebObjects/globecartoon.woa/wo/13.0.13.5.9
http://www.rottentomatoes.com/m/inglourious_basterds/
http://movies.netflix.com/Movie/A_Dangerous_Method/70158333
http://www3.hilton.com/en/hotels/texas/hilton-anatole-DFWANHH/index.html
http://www.tripadvisor.com/Hotel_Review-g30196-d98474-Reviews-The_Driskill-Austin_Texas.html
http://www.homeaway.com/vacation-rental/p100000
http://www.airbnb.com/rooms/72247
http://www.google.com/search?gbv=1&sei=1&tbm=isch&q=watergate&hl=en
http://www.amazon.com/gp/registry/wishlist/ref=wish_list
http://www.amazon.com/gp/bestsellers/books/6
http://www.newegg.com/Product/Product.aspx?Item=N82E16813128532
http://www.amazon.com/Cook-Books-amp-more/lm/R1PADW7FZALCHA
http://www.amazon.com/Twilight-Saga-Breaking-Two-Disc-Special/dp/B002BWP49C
http://www.amazon.com/Samsung-UN60D7000-60-Inch-1080p-Silver/dp/B004QFGGTY
http://www.amazon.com/Deathly-Hallows-Movie-Only-Edition-UltraViolet/dp/B005O30Y5Y
http://www.amazon.co.uk/gp/bestsellers/books/515344
http://www.nsf.gov/awardsearch/advancedSearchResult?IncludeCoPI=true&PIFirstName=Andruid&PILastName=Kerne&
http://www.nsf.gov/div/index.jsp?div=IIS
http://www.nsf.gov/awardsearch/showAward?AWD_ID=0747428
http://www.nsf.gov/awardsearch/showAward?AWD_ID=0803854
http://www.nsf.gov/awardsearch/showAward?AWD_ID=1123972
http://www.nsf.gov/funding/pgm_summ.jsp?pims_id=503302
http://www.nsf.gov/funding/pgm_summ.jsp?pims_id=503581
http://www.nsf.gov/funding/pgm_summ.jsp?pims_id=503286
http://www.tandfonline.com/action/cookieAbsent
http://science.slashdot.org/story/12/09/14/1834239/smooth-high-definition-video-of-curiositys-landing-on-mars
http://en.wikipedia.org/wiki/Type_system
http://en.wikipedia.org/wiki/Velcro
http://en.wikipedia.org/wiki/Category:Brand_name_materials
http://en.wikipedia.org/wiki/Category:Theoretical_physicists
http://www.nytimes.com/2012/08/28/science/earth/sea-ice-in-arctic-measured-at-record-low.html?_r=0
http://www.youtube.com/watch?v=NLlGopyXT_g
http://www.sciencedirect.com/science/article/pii/S1570826808000693
http://www.tv.com/shows/house/
http://babydot74.wordpress.com/2012/09/17/whats-for-dinner/
http://chocolatebottle.wordpress.com/2012/09/13/disney-social-media-moms-on-the-road-charlotte/
http://ohnaturelle.wordpress.com/2012/09/11/the-waterfront-restaurant/
http://thingswemake.wordpress.com/
http://babydot74.wordpress.com/
http://chocolatebottle.wordpress.com/
http://readcookdevour.wordpress.com/
http://traveleat.wordpress.com/
http://poffdevblog.wordpress.com/
http://ohnaturelle.wordpress.com/
http://www.imdb.com/title/tt0137523/
http://www.imdb.com/title/tt0110912/
http://www.flickr.com/photos/kali-kold/
http://www.flickr.com/photos/barockschloss/tags/potato/
http://www.flickr.com/photos/kali-kold/map/?photo=5756890544
http://www.flickr.com/people/maxfined/
http://www.urbanspoon.com/f/114/11800/College-Station/American-Restaurants
http://www.urbanspoon.com/r/114/875031/restaurant/College-Station/Christophers-World-Grill-Bryan
http://www.overstock.com/Home-Garden/Bodipedic-Essentials-8-inch-Queen-King-size-Memory-Foam-Mattress/6153386/product.html?rcmndsrc=4
http://citeseerx.ist.psu.edu/viewdoc/summary?doi=10.1.1.31.1768
http://ieeexplore.ieee.org/xpl/articleDetails.jsp?arnumber=1208999
http://www.sciencedirect.com/science/article/pii/S1570826805000089
http://www.ncbi.nlm.nih.gov/pubmed/16720771
http://www.ncbi.nlm.nih.gov/pubmed/19494745
http://www.ncbi.nlm.nih.gov/pubmed/20447355
http://www.ncbi.nlm.nih.gov/pubmed/15564903
http://www.ncbi.nlm.nih.gov/pubmed/15223949
http://www.ncbi.nlm.nih.gov/pubmed?LinkName=pubmed_pubmed&from_uid=22439083
http://www.ncbi.nlm.nih.gov/pubmed?LinkName=pubmed_pubmed_refs&from_uid=22439083
http://www.ncbi.nlm.nih.gov/pmc/articles/PMC3302910/
http://www.ncbi.nlm.nih.gov/pubmed/18424717
http://www.ncbi.nlm.nih.gov/pubmed/18566388
http://www.ncbi.nlm.nih.gov/pubmed/21824864
http://www.ncbi.nlm.nih.gov/pubmed/15981475
http://www.ncbi.nlm.nih.gov/pubmed/22222887
http://citeseerx.ist.psu.edu/viewdoc/summary?doi=10.1.1.122.7284
http://citeseerx.ist.psu.edu/viewdoc/summary?doi=10.1.1.11.4846
http://citeseerx.ist.psu.edu/viewdoc/summary?doi=10.1.1.111.5157
http://citeseerx.ist.psu.edu/viewdoc/summary?doi=10.1.1.22.3686
http://citeseerx.ist.psu.edu/viewdoc/summary?doi=10.1.1.19.1333
http://citeseerx.ist.psu.edu/viewdoc/summary?doi=10.1.1.122.8129
http://citeseerx.ist.psu.edu/viewdoc/summary?doi=10.1.1.60.1963
http://citeseerx.ist.psu.edu/viewdoc/summary?doi=10.1.1.145.9083
http://citeseerx.ist.psu.edu/viewdoc/summary?doi=10.1.1.109.4432
http://citeseerx.ist.psu.edu/viewdoc/summary?doi=10.1.1.1.2639
http://citeseerx.ist.psu.edu/viewdoc/summary?doi=10.1.1.46.4416
http://citeseerx.ist.psu.edu/viewdoc/summary?doi=10.1.1.224.3197
http://citeseerx.ist.psu.edu/viewdoc/summary?doi=10.1.1.10.4290
http://citeseerx.ist.psu.edu/viewdoc/summary?doi=10.1.1.215.296
http://citeseerx.ist.psu.edu/viewdoc/summary?doi=10.1.1.20.461
http://citeseerx.ist.psu.edu/viewdoc/summary?doi=10.1.1.33.1359
http://citeseerx.ist.psu.edu/viewdoc/summary?doi=10.1.1.176.7884
http://citeseerx.ist.psu.edu/viewdoc/summary?doi=10.1.1.123.805
http://citeseerx.ist.psu.edu/viewdoc/summary?doi=10.1.1.20.5821
http://citeseerx.ist.psu.edu/viewdoc/summary?doi=10.1.1.108.8490
http://citeseerx.ist.psu.edu/viewdoc/summary?doi=10.1.1.38.1298
http://citeseerx.ist.psu.edu/viewdoc/summary?doi=10.1.1.136.748
http://citeseerx.ist.psu.edu/viewdoc/summary?doi=10.1.1.33.1359
http://citeseerx.ist.psu.edu/viewdoc/summary?doi=10.1.1.100.3034
http://www.google.com/patents/US8068886
http://www.google.com/patents/US8077935
http://www.google.com/patents/US8107212
http://www.google.com/patents/US8131026
http://www.google.com/patents/US8165355
http://www.google.com/patents/US8175345
http://www.google.com/patents/US8195244
http://www.google.com/patents/US8204281
http://www.google.com/patents/US8224044
http://www.google.com/patents/US8229184
http://www.google.com/patents/US8239785
http://www.google.com/patents/US6016176
http://www.google.com/patents/US6047196
http://www.google.com/patents/US6094492
http://www.google.com/patents/US6144358
http://www.google.com/patents/US6311076
http://www.google.com/patents/US6327482
http://www.google.com/patents/US6526296
http://www.google.com/patents/US6556586
http://www.google.com/patents/US6643124
http://www.google.com/patents/US6646626
http://www.google.com/patents/US6697083
http://www.google.com/patents/US6748249
http://www.google.com/patents/US6792293
http://www.google.com/patents/US6859451
http://www.google.com/patents/US6943773
http://www.google.com/patents/US6988247
http://www.google.com/patents/US7027311
http://www.google.com/patents/US7042711
http://www.google.com/patents/US7050835
http://www.google.com/patents/US7109967
http://www.google.com/patents/US7138985
http://www.google.com/patents/US7142195
http://www.google.com/patents/US7230599
http://www.google.com/patents/US7242315
http://www.google.com/patents/US7253807
http://www.google.com/patents/US7324093
http://www.google.com/patents/US7368307
http://www.google.com/patents/US7394452
http://www.google.com/patents/US7522153
http://www.google.com/patents/US7867285
http://www.google.com/patents/US20020167481
http://www.google.com/patents/US20030050019
http://www.google.com/patents/US20030227441
http://www.google.com/patents/US20040039789
http://www.google.com/patents/US20040217877
http://www.google.com/patents/US20040252332
http://www.google.com/patents/US20050111041
http://www.google.com/patents/US20050130611
http://www.google.com/patents/US20050174261
http://www.google.com/patents/US20050185661
http://www.google.com/patents/US20060055663
http://www.google.com/patents/US20060096392
http://www.google.com/patents/US20060156218
http://www.google.com/patents/US20060194619
http://www.google.com/patents/US20060206215
http://www.google.com/patents/US20060232663
http://www.google.com/patents/US20060238494
http://www.google.com/patents/US20060259637
http://www.google.com/patents/US20060281446
http://www.google.com/patents/US20070046643
http://www.google.com/patents/US20070085837
http://www.google.com/patents/US20070085838
http://www.google.com/patents/US20070085845
http://www.google.com/patents/US20070100942
http://www.google.com/patents/US20070105528
http://www.google.com/patents/US20070139391
http://www.google.com/patents/US20070198633
http://www.google.com/patents/US20070208879
http://www.google.com/patents/US20070220427
http://www.google.com/patents/US20070242310
http://www.google.com/patents/US20070247422
http://www.google.com/patents/US20070264975
http://www.google.com/patents/US20080021963
http://www.google.com/patents/US20080040498
http://www.google.com/patents/US20080046577
http://www.google.com/patents/US20080117184
http://www.google.com/patents/US20080124982
http://www.google.com/patents/US20080132287
http://www.google.com/patents/US20080151480
http://www.google.com/patents/US20080167095
http://www.google.com/patents/US20080294991
http://www.google.com/patents/US20100011291
http://www.google.com/patents/US20100053073
http://www.google.com/patents/US20100056223
http://www.google.com/patents/US20100060548
http://www.google.com/patents/US20100066685
http://www.google.com/patents/US20100141605
http://www.google.com/patents/US20100207745
http://ieeexplore.ieee.org:80/xpl/mostRecentIssue.jsp?punumber=10260
http://ieeexplore.ieee.org/xpl/references.jsp?arnumber=String
http://ieeexplore.ieee.org/xpl/citations.jsp?arnumber=String
http://www.tripadvisor.com/Hotel_Review-g30196-d1675976-Reviews-The_Westin_Austin_at_The_Domain-Austin_Texas.html
http://www.tripadvisor.com/Hotel_Review-g30196-d114938-Reviews-Four_Seasons_Hotel_Austin-Austin_Texas.html
http://www.tripadvisor.com/Hotel_Review-g30196-d98453-Reviews-Omni_Austin_Hotel_Downtown-Austin_Texas.html
http://www.tripadvisor.com/Hotel_Review-g30196-d2008152-Reviews-Travaasa_Austin-Austin_Texas.html
http://www.amazon.com/Wheat-Belly-Cookbook-Recipes-Weight/dp/1609619366
http://www.amazon.com/Forks-Over-Knives-Cookbook-Plant-Based/dp/1615190619
http://www.amazon.com/The-Healthy-Green-Drink-Diet/dp/1616084731
http://www.amazon.com/The-Juicing-Bible-Pat-Crocker/dp/0778801810
http://www.amazon.com/Practical-Paleo-Customized-Whole-Foods-Lifestyle/dp/1936608758
http://www.amazon.com/The-4-Hour-Chef-Learning-Anything/dp/0547884591
http://www.amazon.com/The-Smitten-Kitchen-Cookbook-Perelman/dp/030759565X
http://www.amazon.com/Barefoot-Contessa-Foolproof-Recipes-Trust/dp/0307464873
http://www.amazon.com/Jerusalem-A-Cookbook-Yotam-Ottolenghi/dp/1607743949
http://www.amazon.com/Wheat-Belly-Cookbook-Recipes-ebook/dp/B008HALLIK
http://www.amazon.com/From-Mamas-Table-Mine-Everybodys/dp/0345536630
http://www.amazon.com/Chickens-Mules-Fools-Series-ebook/dp/B003N3UZHY
http://www.amazon.com/Meatless-More-Than-Vegetarian-Recipes/dp/0307954560
http://www.amazon.com/The-4-Hour-Chef-Learning-ebook/dp/B005NJU8PA
http://www.amazon.com/Science-Cooking-Cooks-Illustrated-Cookbooks/dp/1933615982
http://www.amazon.com/The-Pioneer-Woman-Cooks-Frontier/dp/0061997188
http://www.amazon.com/Cooker-Revolution-Editors-Americas-Kitchen/dp/1933615699
http://www.amazon.com/The-Engine-Diet-Firefighters-Save-Your-Life/dp/0446506699
http://www.amazon.com/Fresh-Off-Boat-Memoir-ebook/dp/B00957T3UC
http://www.amazon.com/Fresh-Off-Boat-A-Memoir/dp/0679644881
http://www.amazon.com/The-Twilight-Saga-Breaking-Movie-Only/dp/B007FC3AAI
http://www.amazon.com/The-Twilight-Saga-Breaking-UltraViolet/dp/B00AW0KHTM
http://www.amazon.com/The-Twilight-Saga-Breaking-UltraViolet/dp/B00AW0KGYI
http://www.amazon.com/The-Twilight-Saga-Eclipse-Two-Disc/dp/B001UV4XFG
http://www.amazon.com/Samsung-UN55ES7100-55-Inch-1080p-Silver/dp/B0078LN0K6
http://www.amazon.com/Samsung-SSG-4100GB-Active-Glasses-Models/dp/B007K9P7H0
http://www.amazon.com/Mediabridge-High-Speed-Cable-Ethernet/dp/B0019EHU8G
http://www.amazon.com/Samsung-UN65ES8000-65-Inch-1080p-Silver/dp/B0074FGMEW
http://www.amazon.com/Deathly-Hallows-UltraViolet-Digital-Blu-ray/dp/B001UV4XJ2
http://www.amazon.com/Harry-Potter-Deathly-Hallows-Part/dp/B004WMKSH2
http://www.amazon.com/Harry-Potter-Complete-Collection-Blu-ray/dp/B005OCFHHK
http://www.amazon.com/Harry-Potter-Half-Blood-Prince-Blu-ray/dp/B000ZELISO
http://www.amazon.co.uk/The-Hobbit-J-R-Tolkien/dp/0007487282
http://www.amazon.co.uk/The-Hobbit-Lord-Rings/dp/0007509847
http://www.amazon.co.uk/Firefly-A-Celebration-Anniversary-Edition/dp/1781161682
http://www.amazon.co.uk/Star-Trek-Generation-Equations-ebook/dp/B007IL540U
http://www.amazon.co.uk/Wild-About-Love-Stake-ebook/dp/B007HB8JLC
http://www.amazon.co.uk/Doctor-Who-History-Universe-Objects/dp/1849904812
http://www.amazon.co.uk/Star-Trek-Generation-Equations-ebook/dp/B007IL5432
http://www.amazon.co.uk/Doctor-Who-Official-Annual-2013/dp/1405908440
http://www.amazon.co.uk/Doctor-Who-Whens-Jorge-Santillan/dp/1405908491
http://www.amazon.co.uk/Flow-Tears-Policeman-Said-MASTERWORKS/dp/1857983416
http://www.amazon.co.uk/Doctor-Who-100-Scariest-Monsters/dp/1405907975
http://www.amazon.co.uk/Thunderbirds-Manual-Agents-Technical/dp/0857331175
http://www.amazon.co.uk/Doctor-Who-Doctionary-BBC-Hardcover/dp/1405908963
http://www.amazon.co.uk/Star-Trek-Generation-Persistence-ebook/dp/B007IL53YW
http://www.amazon.co.uk/The-Hobbit-Illustrated-Alan-ebook/dp/B008TGMR4E
http://www.amazon.co.uk/Doctor-Who-Encyclopedia-New-Edition/dp/1849902313
http://www.amazon.co.uk/The-Star-Trek-Enterprise-ebook/dp/B003Z6QAVE
http://www.amazon.co.uk/Doctor-Tenth-Planet-Gerry-Davis/dp/184990474X
http://www.amazon.co.uk/Doctor-Who-Writers-Final-Chapter/dp/184607861X
http://www.amazon.co.uk/Cold-Equations-Body-Electric-Generation/dp/1451650744
http://www.nsf.gov/funding/pgm_summ.jsp?pims_id=503302&org=IIS&from=home
http://www.nsf.gov/funding/pgm_summ.jsp?pims_id=503303&org=IIS&from=home
http://www.nsf.gov/funding/pgm_summ.jsp?pims_id=503305&org=IIS&from=home
http://www.nsf.gov/funding/pgm_summ.jsp?pims_id=12810&org=IIS&from=home
http://www.nsf.gov/funding/pgm_summ.jsp?pims_id=5147&org=IIS&from=home
http://www.nsf.gov/funding/pgm_summ.jsp?pims_id=503582&org=IIS&from=home
http://www.nsf.gov/funding/pgm_summ.jsp?pims_id=504767&org=IIS&from=home
http://www.nsf.gov/funding/pgm_summ.jsp?pims_id=503286&org=IIS&from=home
http://www.nsf.gov/funding/pgm_summ.jsp?pims_id=503581&org=IIS&from=home
http://www.nsf.gov/funding/pgm_summ.jsp?pims_id=12816&org=IIS&from=home
http://www.nsf.gov/funding/pgm_summ.jsp?pims_id=503169&org=IIS&from=home
http://www.nsf.gov/funding/pgm_summ.jsp?pims_id=504842&org=IIS&from=home
http://www.nsf.gov/funding/pgm_summ.jsp?pims_id=503641&org=IIS&from=home
http://www.nsf.gov/funding/pgm_summ.jsp?pims_id=504709&org=IIS&from=home
http://www.nsf.gov/funding/pgm_summ.jsp?pims_id=504739&org=IIS&from=home
http://www.nsf.gov/funding/pgm_summ.jsp?pims_id=504852&org=IIS&from=home
http://www.nsf.gov/funding/pgm_summ.jsp?pims_id=5260&org=IIS&from=home
http://www.nsf.gov/funding/pgm_summ.jsp?pims_id=503336&org=IIS&from=home
http://www.nsf.gov/funding/pgm_summ.jsp?pims_id=5501&org=IIS&from=home
http://www.nsf.gov/staff/staff_list_all.jsp?org=NULL
http://science.slashdot.org/story/13/01/11/1312243/us-near-bottom-in-life-expectancy-in-developed-world?sdsrc=popbyskid
http://science.slashdot.org/story/13/01/08/0219201/indiana-nurses-fired-after-refusing-flu-shots-on-religious-grounds?sdsrc=popbyskid
http://science.slashdot.org/story/13/01/04/2041208/anti-gmo-activist-recants?sdsrc=popbyskid
http://science.slashdot.org/story/13/01/20/0313206/scientist-seeks-adventurous-human-woman-for-neanderthal-baby?sdsrc=popbyskid
http://science.slashdot.org/story/13/01/07/1920204/americas-real-criminal-element-lead?sdsrc=popbyskid
http://science.slashdot.org/submission/2257711/high-definition-video-of-curiositys-landing-on-mars?sdsrc=rel
http://en.wikipedia.org/wiki/Category:Type_systems
http://en.wikipedia.org/wiki/Category:Type_theory
http://en.wikipedia.org/wiki/Category:Data_types
http://en.wikipedia.org/wiki/Category:Program_analysis
http://en.wikipedia.org/wiki/Category:Swiss_inventions
http://en.wikipedia.org/wiki/Category:Textile_closures
http://en.wikipedia.org/wiki/Category:1941_introductions
http://en.wikipedia.org/wiki/Category:Glass_trademarks_and_brands
http://en.wikipedia.org/wiki/Marko_(fabric)
http://en.wikipedia.org/wiki/3-In-One_Oil
http://en.wikipedia.org/wiki/AirDye
http://en.wikipedia.org/wiki/Aramid
http://en.wikipedia.org/wiki/Arborite
http://en.wikipedia.org/wiki/Ballistol
http://en.wikipedia.org/wiki/Bondo_(putty)
http://en.wikipedia.org/wiki/C_change
http://en.wikipedia.org/wiki/CarbonCast
http://en.wikipedia.org/wiki/Celliant
http://en.wikipedia.org/wiki/ColdHeat
http://en.wikipedia.org/wiki/Corian
http://en.wikipedia.org/wiki/Coroplast
http://en.wikipedia.org/wiki/Correx
http://en.wikipedia.org/wiki/Durabis
http://en.wikipedia.org/wiki/EZ-Poly
http://en.wikipedia.org/wiki/FiberSkyn
http://en.wikipedia.org/wiki/Formica_(plastic)
http://en.wikipedia.org/wiki/Gannex
http://en.wikipedia.org/wiki/Glue_stick
http://en.wikipedia.org/wiki/Gore-Tex
http://en.wikipedia.org/wiki/Gorilla_Glue
http://en.wikipedia.org/wiki/Greensulate
http://en.wikipedia.org/wiki/Hyperseal
http://en.wikipedia.org/wiki/Innegra_S
http://en.wikipedia.org/wiki/Jig-A-Loo
http://en.wikipedia.org/wiki/Kevlar
http://en.wikipedia.org/wiki/Kevlar_KM2
http://en.wikipedia.org/wiki/Kraton_(polymer)
http://en.wikipedia.org/wiki/Lexan
http://en.wikipedia.org/wiki/Lumibrite
http://en.wikipedia.org/wiki/Makroclear
http://en.wikipedia.org/wiki/Mallite
http://en.wikipedia.org/wiki/Marlan_(fabric)
http://en.wikipedia.org/wiki/Nanogel_(insulation)
http://en.wikipedia.org/wiki/Neoprene
http://en.wikipedia.org/wiki/Nomex
http://en.wikipedia.org/wiki/Non-stick_surface
http://en.wikipedia.org/wiki/Smithers-Oasis
http://en.wikipedia.org/wiki/Olimunllum
http://en.wikipedia.org/wiki/Pertex
http://en.wikipedia.org/wiki/Polaroid_(polarizer)
http://en.wikipedia.org/wiki/PrimaLoft
http://en.wikipedia.org/wiki/Protectosil
http://en.wikipedia.org/wiki/Qiana
http://en.wikipedia.org/wiki/Saran_(plastic)
http://en.wikipedia.org/wiki/SEAgel
http://en.wikipedia.org/wiki/Silastic
http://en.wikipedia.org/wiki/Silly_Putty
http://en.wikipedia.org/wiki/Silverstone_(plastic)
http://en.wikipedia.org/wiki/Soluforce
http://en.wikipedia.org/wiki/Starlite
http://en.wikipedia.org/wiki/Styrofoam
http://en.wikipedia.org/wiki/Sugru
http://en.wikipedia.org/wiki/Technora
http://en.wikipedia.org/wiki/Teslin_(material)
http://en.wikipedia.org/wiki/Twaron
http://en.wikipedia.org/wiki/Tyvek
http://en.wikipedia.org/wiki/Ultra-high-molecular-weight_polyethylene
http://en.wikipedia.org/wiki/Undark
http://en.wikipedia.org/wiki/Vectran
http://en.wikipedia.org/wiki/WD-40
http://en.wikipedia.org/wiki/Windstopper
http://en.wikipedia.org/wiki/WKT_(sealant)
http://en.wikipedia.org/wiki/Zetix
http://en.wikipedia.org/wiki/Zodiaq
http://en.wikipedia.org/wiki/Category:Products_by_brand
http://en.wikipedia.org/wiki/Category:Materials
http://en.wikipedia.org/wiki/Category:String_theorists
http://en.wikipedia.org/wiki/List_of_theoretical_physicists
http://en.wikipedia.org/wiki/Azamat_Abdoullaev
http://en.wikipedia.org/wiki/Alexei_Alexeyevich_Abrikosov
http://en.wikipedia.org/wiki/Vadym_Adamyan
http://en.wikipedia.org/wiki/Diederik_Aerts
http://en.wikipedia.org/wiki/Shahriar_Afshar
http://en.wikipedia.org/wiki/Masud_Ahmad
http://en.wikipedia.org/wiki/Jim_Al-Khalili
http://en.wikipedia.org/wiki/Miguel_Alcubierre
http://en.wikipedia.org/wiki/Ghulam_Dastagir_Alam
http://en.wikipedia.org/wiki/H._Stanley_Allen
http://en.wikipedia.org/wiki/Philip_Warren_Anderson
http://en.wikipedia.org/wiki/SM_Razaullah_Ansari
http://en.wikipedia.org/wiki/Akito_Arima
http://en.wikipedia.org/wiki/Nima_Arkani-Hamed
http://en.wikipedia.org/wiki/John_C._Baez
http://en.wikipedia.org/wiki/A._P._Balachandran
http://en.wikipedia.org/wiki/Karen_Barad
http://en.wikipedia.org/wiki/William_A._Bardeen
http://en.wikipedia.org/wiki/Thomas_G._Barnes
http://en.wikipedia.org/wiki/John_D._Barrow
http://en.wikipedia.org/wiki/Itzhak_Bars
http://en.wikipedia.org/wiki/Murray_Batchelor
http://en.wikipedia.org/wiki/Gordon_Baym
http://en.wikipedia.org/wiki/Friedrich_Beck
http://en.wikipedia.org/wiki/Vladimir_Belinski
http://en.wikipedia.org/wiki/Charles_H._Bennett_(computer_scientist)
http://en.wikipedia.org/wiki/David_Berenstein
http://en.wikipedia.org/wiki/Nihat_Berker
http://en.wikipedia.org/wiki/Hans_Bethe
http://en.wikipedia.org/wiki/William_Bialek
http://en.wikipedia.org/wiki/Eugenio_Bianchi
http://en.wikipedia.org/wiki/Ikaros_Bigi
http://en.wikipedia.org/wiki/Michael_Binger
http://en.wikipedia.org/wiki/James_Bjorken
http://en.wikipedia.org/wiki/Nikolay_Bogolyubov
http://en.wikipedia.org/wiki/Niels_Bohr
http://en.wikipedia.org/wiki/Max_Born
http://en.wikipedia.org/wiki/Satyendra_Nath_Bose
http://en.wikipedia.org/wiki/Winston_H._Bostick
http://en.wikipedia.org/wiki/Raphael_Bousso
http://en.wikipedia.org/wiki/Ajahn_Brahm
http://en.wikipedia.org/wiki/Stanley_Brodsky
http://en.wikipedia.org/wiki/Louis_de_Broglie
http://en.wikipedia.org/wiki/Robert_Brout
http://en.wikipedia.org/wiki/William_Fuller_Brown,_Jr.
http://en.wikipedia.org/wiki/Detlev_Buchholz
http://en.wikipedia.org/wiki/Nicola_Cabibbo
http://en.wikipedia.org/wiki/Amir_Caldeira
http://en.wikipedia.org/wiki/Curtis_Callan
http://en.wikipedia.org/wiki/Marcela_Carena
http://en.wikipedia.org/wiki/Steve_Carlip
http://en.wikipedia.org/wiki/Sean_M._Carroll
http://en.wikipedia.org/wiki/Peter_A._Carruthers
http://en.wikipedia.org/wiki/Nicolas_J._Cerf
http://en.wikipedia.org/wiki/George_Chapline,_Jr.
http://en.wikipedia.org/wiki/Maxim_Chernodub
http://en.wikipedia.org/wiki/Geoffrey_Chew
http://en.wikipedia.org/wiki/Boris_Chirikov
http://en.wikipedia.org/wiki/Rudolf_Clausius
http://en.wikipedia.org/wiki/Piers_Coleman
http://en.wikipedia.org/wiki/Sidney_Coleman
http://en.wikipedia.org/wiki/Arthur_Compton
http://en.wikipedia.org/wiki/Bruno_Coppi
http://en.wikipedia.org/wiki/John_G._Cramer
http://en.wikipedia.org/wiki/Michael_Creutz
http://en.wikipedia.org/wiki/Fred_Cummings
http://en.wikipedia.org/wiki/Thomas_Curtright
http://en.wikipedia.org/wiki/James_T._Cushing
http://en.wikipedia.org/wiki/Richard_Dalitz
http://en.wikipedia.org/wiki/Sidney_Dancoff
http://en.wikipedia.org/wiki/Sankar_Das_Sarma
http://en.wikipedia.org/wiki/Ashok_Das
http://en.wikipedia.org/wiki/Ronald_C._Davidson
http://en.wikipedia.org/wiki/Durmus_A._Demir
http://en.wikipedia.org/wiki/Tekin_Dereli
http://en.wikipedia.org/wiki/Robert_Detweiler
http://en.wikipedia.org/wiki/David_Deutsch
http://en.wikipedia.org/wiki/Robin_Devenish
http://en.wikipedia.org/wiki/Paul_Dirac
http://en.wikipedia.org/wiki/Jacques_Distler
http://en.wikipedia.org/wiki/Sergey_Doronin
http://en.wikipedia.org/wiki/Michael_R._Douglas
http://en.wikipedia.org/wiki/Jonathan_Dowling
http://en.wikipedia.org/wiki/Georgi_Dvali
http://en.wikipedia.org/wiki/Freeman_Dyson
http://en.wikipedia.org/wiki/Vitaly_Efimov
http://en.wikipedia.org/wiki/Estia_J._Eichten
http://en.wikipedia.org/wiki/Albert_Einstein
http://en.wikipedia.org/wiki/Richard_Keith_Ellis
http://en.wikipedia.org/wiki/Berthold-Georg_Englert
http://en.wikipedia.org/wiki/Hugh_Everett_III
http://en.wikipedia.org/wiki/Fayyazuddin
http://en.wikipedia.org/wiki/Evgenii_Feinberg
http://en.wikipedia.org/wiki/Enrico_Fermi
http://en.wikipedia.org/wiki/Sergio_Ferrara
http://en.wikipedia.org/wiki/Richard_Feynman
http://en.wikipedia.org/wiki/Markus_Fierz
http://en.wikipedia.org/wiki/Peter_Finke
http://en.wikipedia.org/wiki/Willy_Fischler
http://en.wikipedia.org/wiki/Paul_Frampton
http://en.wikipedia.org/wiki/David_A._Frank-Kamenetskii
http://en.wikipedia.org/wiki/Steven_Frautschi
http://en.wikipedia.org/wiki/Daniel_Z._Freedman
http://en.wikipedia.org/wiki/Peter_Freund
http://en.wikipedia.org/wiki/Daniel_Friedan
http://en.wikipedia.org/wiki/Sergio_Fubini
http://en.wikipedia.org/wiki/Galileo_Galilei
http://en.wikipedia.org/wiki/Sylvester_James_Gates
http://en.wikipedia.org/wiki/Theo_Geisel_(physicist)
http://en.wikipedia.org/wiki/Murray_Gell-Mann
http://en.wikipedia.org/wiki/George_B._Arfken
http://en.wikipedia.org/wiki/Hisham_Ghassib
http://en.wikipedia.org/wiki/Giancarlo_Ghirardi
http://en.wikipedia.org/wiki/Dipan_Ghosh
http://en.wikipedia.org/wiki/Josiah_Willard_Gibbs
http://en.wikipedia.org/wiki/Vitaly_Ginzburg
http://en.wikipedia.org/wiki/Gian_Francesco_Giudice
http://en.wikipedia.org/wiki/Sheldon_Lee_Glashow
http://en.wikipedia.org/wiki/Walter_Gordon_(physicist)
http://en.wikipedia.org/wiki/Kurt_Gottfried
http://en.wikipedia.org/wiki/Brian_Greene
http://en.wikipedia.org/wiki/Vladimir_Gribov
http://en.wikipedia.org/wiki/David_Gross
http://en.wikipedia.org/wiki/Marcel_Guenin
http://en.wikipedia.org/wiki/Gerald_Guralnik
http://en.wikipedia.org/wiki/Kirill_Gurov
http://en.wikipedia.org/wiki/Morton_Gurtin
http://en.wikipedia.org/wiki/Alan_Guth
http://en.wikipedia.org/wiki/Rolf_Hagedorn
http://en.wikipedia.org/wiki/C._R._Hagen
http://en.wikipedia.org/wiki/Hermann_Haken
http://en.wikipedia.org/wiki/James_Hamilton_(physicist)
http://en.wikipedia.org/wiki/William_Rowan_Hamilton
http://en.wikipedia.org/wiki/Richard_Hammond_(physicist)
http://en.wikipedia.org/wiki/Moo-Young_Han
http://en.wikipedia.org/wiki/Haim_Harari
http://en.wikipedia.org/wiki/Lucien_Hardy
http://en.wikipedia.org/wiki/Harish-Chandra
http://en.wikipedia.org/wiki/Jeffrey_A._Harvey
http://en.wikipedia.org/wiki/Stephen_Hawking
http://en.wikipedia.org/wiki/Burkhard_Heim
http://en.wikipedia.org/wiki/Werner_Heisenberg
http://en.wikipedia.org/wiki/Hans_Hellmann
http://en.wikipedia.org/wiki/Peter_Higgs
http://en.wikipedia.org/wiki/Basil_Hiley
http://en.wikipedia.org/wiki/Christopher_T._Hill
http://en.wikipedia.org/wiki/Peter_R._Holland
http://en.wikipedia.org/wiki/Henry_Hurwitz,_Jr.
http://en.wikipedia.org/wiki/Tasneem_Zehra_Husain
http://en.wikipedia.org/wiki/Faheem_Hussain
http://en.wikipedia.org/wiki/Christiaan_Huygens
http://en.wikipedia.org/wiki/Stephen_Hyde
http://en.wikipedia.org/wiki/Mujaddid_Ahmad_Ijaz
http://en.wikipedia.org/wiki/John_Iliopoulos
http://en.wikipedia.org/wiki/Isao_Imai_(physicist)
http://en.wikipedia.org/wiki/Amer_Iqbal
http://en.wikipedia.org/wiki/Nathan_Isgur
http://en.wikipedia.org/wiki/Ted_Jacobson
http://en.wikipedia.org/wiki/Ratko_Janev
http://en.wikipedia.org/wiki/Charles_J._Joachain
http://en.wikipedia.org/wiki/Clifford_Victor_Johnson
http://en.wikipedia.org/wiki/Giovanni_Jona-Lasinio
http://en.wikipedia.org/wiki/Adolfas_Jucys
http://en.wikipedia.org/wiki/Shamit_Kachru
http://en.wikipedia.org/wiki/Michio_Kaku
http://en.wikipedia.org/wiki/Renata_Kallosh
http://en.wikipedia.org/wiki/Theodor_Kaluza
http://en.wikipedia.org/wiki/Nico_van_Kampen
http://en.wikipedia.org/wiki/Mujahid_Kamran
http://en.wikipedia.org/wiki/Anton_Kapustin
http://en.wikipedia.org/wiki/Daniel_Kastler
http://en.wikipedia.org/wiki/James_J._Kay
http://en.wikipedia.org/wiki/Patrick_N._Keating
http://en.wikipedia.org/wiki/Christoph_Helmut_Keitel
http://en.wikipedia.org/wiki/Mohammad_Aslam_Khan_Khalil
http://en.wikipedia.org/wiki/Abdul_Qadeer_Khan
http://en.wikipedia.org/wiki/Munir_Ahmad_Khan
http://en.wikipedia.org/wiki/Tom_W._B._Kibble
http://en.wikipedia.org/wiki/Keiji_Kikkawa
http://en.wikipedia.org/wiki/Kim_Jihn_Eui
http://en.wikipedia.org/wiki/Matthew_Kleban
http://en.wikipedia.org/wiki/Igor_Klebanov
http://en.wikipedia.org/wiki/Abraham_Klein_(physicist)
http://en.wikipedia.org/wiki/Oskar_Klein
http://en.wikipedia.org/wiki/Category:Theoretical_physics
http://en.wikipedia.org/wiki/Category:Theorists
http://en.wikipedia.org/wiki/Category:Physicists_by_field_of_research
http://www.sciencedirect.com/science/journal/15708268
http://www.tv.com/shows/niptuck/
http://www.tv.com/shows/doc-martin/
http://www.tv.com/shows/er/
http://www.tv.com/shows/white-teeth/
http://www.tv.com/shows/bones/
http://thingswemake.wordpress.com/2013/01/30/oat-almond-crumble-cookies/
http://thingswemake.wordpress.com/2013/01/25/laab-moo-pork-salad/
http://thingswemake.wordpress.com/2013/01/05/every-flavour-puddings/
http://thingswemake.wordpress.com/2013/01/01/2013-calendar/
http://thingswemake.wordpress.com/2012/12/22/christmas-red-cabbage/
http://thingswemake.wordpress.com/2012/12/17/black-rice-salad/
http://thingswemake.wordpress.com/2012/12/06/clementine-madeleines/
http://babydot74.wordpress.com/2013/01/30/citrus-lane-january-2013/
http://babydot74.wordpress.com/2013/01/30/happy-1st-birthday-bb/
http://babydot74.wordpress.com/2013/01/22/still-here/
http://babydot74.wordpress.com/2013/01/10/aminals/
http://babydot74.wordpress.com/2013/01/10/blegh/
http://chocolatebottle.wordpress.com/2013/01/31/hidden-hearts-valentines-day-cake/
http://chocolatebottle.wordpress.com/2013/01/30/ridiculously-easy-mardi-gras-donuts/
http://chocolatebottle.wordpress.com/2013/01/22/vareniki-varenyky-ukrainian-dumplings/
http://chocolatebottle.wordpress.com/2013/01/21/healthy-belgian-waffles/
http://chocolatebottle.wordpress.com/2013/01/18/malagasy-lobster-over-coconut-rice/
http://chocolatebottle.wordpress.com/2013/01/16/simplified-paella/
http://chocolatebottle.wordpress.com/2013/01/14/cookbook-review-recipes-to-remember-spaghetti-and-meatballs/
http://readcookdevour.wordpress.com/2012/12/02/winning-streak/
http://readcookdevour.wordpress.com/2012/09/06/black-bean-croquettes-and-fresh-salsa/
http://readcookdevour.wordpress.com/2012/09/05/hello-stranger/
http://traveleat.wordpress.com/2012/10/13/when-in-rome/
http://traveleat.wordpress.com/2012/10/11/egg-curry/
http://traveleat.wordpress.com/2012/09/16/malteser-cake/
http://traveleat.wordpress.com/2012/09/05/childhood-fairy-cakes/
http://traveleat.wordpress.com/2012/07/16/madrid-tips-from-a-native/
http://traveleat.wordpress.com/2012/07/03/macaron-making-class/
http://traveleat.wordpress.com/2012/06/22/parisien-love/
http://poffdevblog.wordpress.com/2012/09/03/this-is-another-test/
http://poffdevblog.wordpress.com/2012/08/30/hello-world/
http://ohnaturelle.wordpress.com/2013/02/03/gramercy-grill-dine-out-vancouver-2013/
http://ohnaturelle.wordpress.com/2013/01/27/catch-122-cafe-bistro-dine-out-vancouver-2013/
http://ohnaturelle.wordpress.com/2013/01/20/the-templeton/
http://ohnaturelle.wordpress.com/2013/01/13/mui-garden/
http://ohnaturelle.wordpress.com/2012/12/24/veras-burger-shack/
http://www.flickr.com/photos/kali-kold/8345182714/
http://www.flickr.com/photos/kali-kold/8139859227/
http://www.flickr.com/photos/kali-kold/8119731764/
http://www.flickr.com/photos/kali-kold/8058571304/
http://www.flickr.com/photos/kali-kold/8001884615/
http://www.flickr.com/photos/barockschloss/8042669850/
http://www.flickr.com/photos/barockschloss/5908446404/
http://www.flickr.com/photos/barockschloss/5531668276/
http://www.flickr.com/photos/barockschloss/4849458688/
http://www.flickr.com/photos/tags/potato/
http://www.flickr.com/photos/emmaredfern/7254674210/in/faves-maxfined/
http://www.flickr.com/photos/khoalinh/6846878491/in/faves-maxfined/
http://www.flickr.com/photos/timypenburg/6825057381/in/faves-maxfined/
http://www.flickr.com/photos/jon_oskar/6809115433/in/faves-maxfined/
http://www.flickr.com/photos/58369328@N00/160753739/in/faves-maxfined/
http://www.flickr.com/photos/85817636@N00/2879110484/in/faves-maxfined/
http://www.flickr.com/photos/daniele_parisi/4260907786/in/faves-maxfined/
http://www.flickr.com/photos/daniele_parisi/2825831148/in/faves-maxfined/
http://www.flickr.com/photos/35121296@N07/6842101635/in/faves-maxfined/
http://www.flickr.com/photos/marjoriecassilha/6508499067/in/faves-maxfined/
http://www.flickr.com/photos/the_patriot/6481507799/in/faves-maxfined/
http://www.flickr.com/photos/wnyfreightbenching/6480334133/in/faves-maxfined/
http://www.urbanspoon.com/r/114/875250/restaurant/Dixie-Chicken-College-Station
http://www.urbanspoon.com/r/114/875143/restaurant/College-Station/Sodolaks-Beefmasters-Restaurant-Bryan
http://www.urbanspoon.com/r/114/1428200/restaurant/College-Station/Maddens-Casual-Gourmet-Bryan
http://www.urbanspoon.com/r/114/875424/restaurant/Wings-N-More-University-College-Station
http://www.urbanspoon.com/r/114/875423/restaurant/Wings-N-More-Deacon-College-Station
http://www.urbanspoon.com/r/114/875058/restaurant/College-Station/Bryan-Fat-Burger-Bryan
http://www.urbanspoon.com/r/114/1349499/restaurant/College-Station/The-Village-Cafe-Bryan
http://www.urbanspoon.com/r/114/1655648/restaurant/Grub-Burger-Bar-College-Station
http://www.urbanspoon.com/r/114/1529925/restaurant/College-Station/The-Lemon-Wedge-Bryan
http://www.urbanspoon.com/r/114/875095/restaurant/College-Station/Longhorn-Tavern-Steak-House-Bryan
http://www.urbanspoon.com/r/114/875278/restaurant/Harvey-Washbangers-College-Station
http://www.urbanspoon.com/r/114/1344263/restaurant/Must-Be-Heaven-College-Station
http://www.urbanspoon.com/r/114/1505439/restaurant/College-Station/Cracker-Barrel-Bryan
http://www.urbanspoon.com/r/114/1463523/restaurant/Fat-Burger-Grill-College-Station
http://www.urbanspoon.com/r/114/875226/restaurant/Cheddars-Casual-Cafe-College-Station
http://www.urbanspoon.com/r/114/875263/restaurant/Fitzwillys-College-Station
http://www.urbanspoon.com/r/114/875059/restaurant/College-Station/Feed-Barn-Bryan
http://www.urbanspoon.com/r/114/875172/restaurant/College-Station/Wings-N-More-Bryan
http://www.urbanspoon.com/r/114/875214/restaurant/Buffalo-Wild-Wings-College-Station
http://www.urbanspoon.com/r/114/1344268/restaurant/College-Station/La-Riviera-Bryan
http://www.urbanspoon.com/r/114/1515946/restaurant/College-Station/Downtown-Uncorked-Wine-Bar-Bryan
http://www.urbanspoon.com/r/114/1477203/restaurant/College-Station/Lennys-Sub-Shop-236-Bryan
http://www.urbanspoon.com/r/114/1483409/restaurant/Fuddruckers-College-Station
http://www.urbanspoon.com/r/114/1428216/restaurant/College-Station/Somerville/Sodolaks-Original-Country-Inn-Snook
http://www.urbanspoon.com/r/114/1605396/restaurant/BJs-Restaurant-and-Brewhouse-College-Station
http://www.urbanspoon.com/r/114/875290/restaurant/Jamba-Juice-College-Station
http://www.urbanspoon.com/r/114/875002/restaurant/College-Station/Kotts-Cafe-Anderson
http://www.urbanspoon.com/r/114/1345169/restaurant/Chilis-Grill-Bar-College-Station
http://www.urbanspoon.com/r/114/1480728/restaurant/College-Station/Yesterdays-Bar-Grill-Bryan
http://www.urbanspoon.com/r/114/1574231/restaurant/College-Station/Spoons-Yogurt-Bryan
http://www.urbanspoon.com/r/114/1498558/restaurant/Wingstop-College-Station
http://www.urbanspoon.com/r/114/875074/restaurant/College-Station/Hot-Dogs-Etc-Bryan
http://www.urbanspoon.com/r/114/1465930/restaurant/College-Station/Cotton-Patch-Cafe-Bryan
http://www.urbanspoon.com/r/114/1594586/restaurant/College-Station/Good-Time-Charleys-Grille-Pub-Bryan
http://www.urbanspoon.com/r/114/875241/restaurant/Corner-College-Station
http://www.urbanspoon.com/r/114/875460/restaurant/College-Station/Filling-Station-Diner-Cafe-Navasota
http://www.urbanspoon.com/r/114/1344269/restaurant/College-Station/The-Vintage-House-Restaurant-Bryan
http://www.urbanspoon.com/r/114/875212/restaurant/Bostons-Restaurant-Sports-Bar-College-Station
http://www.urbanspoon.com/r/114/875099/restaurant/College-Station/Lubys-Bryan
http://www.urbanspoon.com/r/114/1581301/restaurant/College-Station/Wings-N-More-Villa-Maria-Bryan
http://www.urbanspoon.com/r/114/1497555/restaurant/College-Station/IHOP-3024-Bryan
http://www.urbanspoon.com/r/114/1714119/restaurant/Roosters-Country-Dinner-House-College-Station
http://www.urbanspoon.com/r/114/1581229/restaurant/College-Station/Stover-Bros-Cafe-Bryan
http://www.urbanspoon.com/r/114/875004/restaurant/College-Station/Yankees-Tavern-Carlos-Anderson
http://www.urbanspoon.com/r/114/875448/restaurant/College-Station/Iola-Cafe-Iola
http://www.urbanspoon.com/r/114/1578130/restaurant/College-Station/J-R-wings-Hearne
http://www.urbanspoon.com/r/114/1712111/restaurant/Sullys-Sports-Grill-Bar-College-Station
http://www.urbanspoon.com/r/114/875036/restaurant/College-Station/Country-Skillet-Bryan
http://citeseerx.ist.psu.edu/viewdoc/summary?doi=10.1.1.109.4049
http://citeseerx.ist.psu.edu/viewdoc/summary?doi=10.1.1.120.3875
http://citeseerx.ist.psu.edu/viewdoc/summary?doi=10.1.1.22.3686
http://citeseerx.ist.psu.edu/viewdoc/summary?doi=10.1.1.101.43
http://citeseerx.ist.psu.edu/viewdoc/summary?doi=10.1.1.88.3162
http://citeseerx.ist.psu.edu/viewdoc/summary?doi=10.1.1.59.3739
http://citeseerx.ist.psu.edu/viewdoc/summary?doi=10.1.1.100.4564
http://www.ncbi.nlm.nih.gov/pubmed/17322437
http://www.ncbi.nlm.nih.gov/pubmed/18447685
http://www.ncbi.nlm.nih.gov/pubmed/15363423
http://www.ncbi.nlm.nih.gov/pubmed/10506373
http://www.ncbi.nlm.nih.gov/pubmed/7874539
http://www.ncbi.nlm.nih.gov/pubmed/22143315
http://www.ncbi.nlm.nih.gov/pubmed/20495933
http://www.ncbi.nlm.nih.gov/pubmed?LinkName=pubmed_pubmed&from_uid=16720771
http://www.ncbi.nlm.nih.gov/pcsubstance?LinkName=pubmed_pcsubstance_mesh&from_uid=16720771
http://www.ncbi.nlm.nih.gov/pmc/articles/pmid/16720771/citedby/?tool=pubmed
http://www.ncbi.nlm.nih.gov/pubmed/17538348
http://www.ncbi.nlm.nih.gov/pubmed/15534411
http://www.ncbi.nlm.nih.gov/pubmed/19342933
http://www.ncbi.nlm.nih.gov/pubmed/18827680
http://www.ncbi.nlm.nih.gov/pubmed/21735208
http://www.ncbi.nlm.nih.gov/pubmed/21720864
http://www.ncbi.nlm.nih.gov/pubmed?LinkName=pubmed_pubmed&from_uid=19494745
http://www.ncbi.nlm.nih.gov/medgen?LinkName=pubmed_medgen&from_uid=19494745
http://www.ncbi.nlm.nih.gov/pmc/articles/pmid/19494745/citedby/?tool=pubmed
http://www.ncbi.nlm.nih.gov/pubmed/15247575
http://www.ncbi.nlm.nih.gov/pubmed/14588950
http://www.ncbi.nlm.nih.gov/pubmed/15087795
http://www.ncbi.nlm.nih.gov/pubmed/19912707
http://www.ncbi.nlm.nih.gov/pubmed/16510800
http://www.ncbi.nlm.nih.gov/pubmed/21720728
http://www.ncbi.nlm.nih.gov/pubmed?LinkName=pubmed_pubmed&from_uid=20447355
http://www.ncbi.nlm.nih.gov/medgen?LinkName=pubmed_medgen&from_uid=20447355
http://www.ncbi.nlm.nih.gov/omim?LinkName=pubmed_omim_calculated&from_uid=20447355
http://www.ncbi.nlm.nih.gov/pmc/articles/pmid/20447355/citedby/?tool=pubmed
http://www.ncbi.nlm.nih.gov/pubmed/19292334
http://www.ncbi.nlm.nih.gov/pubmed/15699802
http://www.ncbi.nlm.nih.gov/pubmed/14588350
http://www.ncbi.nlm.nih.gov/pubmed/12221375
http://www.ncbi.nlm.nih.gov/pubmed/18008014
http://www.ncbi.nlm.nih.gov/pubmed/22307558
http://www.ncbi.nlm.nih.gov/pubmed/22228378
http://www.ncbi.nlm.nih.gov/pubmed/22200020
http://www.ncbi.nlm.nih.gov/pubmed?LinkName=pubmed_pubmed&from_uid=15564903
http://www.ncbi.nlm.nih.gov/pmc/articles/pmid/15564903/citedby/?tool=pubmed
http://www.ncbi.nlm.nih.gov/pubmed/12897494
http://www.ncbi.nlm.nih.gov/pubmed/8560340
http://www.ncbi.nlm.nih.gov/pubmed/15749616
http://www.ncbi.nlm.nih.gov/pubmed/15371703
http://www.ncbi.nlm.nih.gov/pubmed/15371706
http://www.ncbi.nlm.nih.gov/pubmed/22246592
http://www.ncbi.nlm.nih.gov/pubmed/17206497
http://www.ncbi.nlm.nih.gov/pubmed?LinkName=pubmed_pubmed&from_uid=15223949
http://www.ncbi.nlm.nih.gov/pmc/articles/pmid/15223949/citedby/?tool=pubmed
http://www.ncbi.nlm.nih.gov/pubmed/16849453
http://www.ncbi.nlm.nih.gov/pubmed/17675473
http://www.ncbi.nlm.nih.gov/pubmed/20007535
http://www.ncbi.nlm.nih.gov/pubmed/16214099
http://www.ncbi.nlm.nih.gov/pubmed/22719950
http://www.ncbi.nlm.nih.gov/pubmed/22346772
http://www.ncbi.nlm.nih.gov/pubmed/21957144
http://www.ncbi.nlm.nih.gov/pubmed?LinkName=pubmed_pubmed&from_uid=18424717
http://www.ncbi.nlm.nih.gov/gene?LinkName=pubmed_gene&from_uid=18424717
http://www.ncbi.nlm.nih.gov/gene?LinkName=pubmed_gene_rif&from_uid=18424717
http://www.ncbi.nlm.nih.gov/homologene?LinkName=pubmed_homologene&from_uid=18424717
http://www.ncbi.nlm.nih.gov/nuccore?LinkName=pubmed_nuccore_refseq&from_uid=18424717
http://www.ncbi.nlm.nih.gov/nuccore?LinkName=pubmed_nuccore_weighted&from_uid=18424717
http://www.ncbi.nlm.nih.gov/protein?LinkName=pubmed_protein_refseq&from_uid=18424717
http://www.ncbi.nlm.nih.gov/protein?LinkName=pubmed_protein_weighted&from_uid=18424717
http://www.ncbi.nlm.nih.gov/pcsubstance?LinkName=pubmed_pcsubstance_mesh&from_uid=18424717
http://www.ncbi.nlm.nih.gov/taxonomy?LinkName=pubmed_taxonomy_entrez&from_uid=18424717
http://www.ncbi.nlm.nih.gov/unigene?LinkName=pubmed_unigene&from_uid=18424717
http://www.ncbi.nlm.nih.gov/geoprofiles?LinkName=pubmed_geoprofiles&from_uid=18424717
http://www.ncbi.nlm.nih.gov/pmc/articles/pmid/18424717/citedby/?tool=pubmed
http://www.ncbi.nlm.nih.gov/pubmed/17015695
http://www.ncbi.nlm.nih.gov/pubmed/16709807
http://www.ncbi.nlm.nih.gov/pubmed/17371960
http://www.ncbi.nlm.nih.gov/pubmed/17981641
http://www.ncbi.nlm.nih.gov/pubmed/18315933
http://www.ncbi.nlm.nih.gov/pubmed/22586481
http://www.ncbi.nlm.nih.gov/pubmed/22566820
http://www.ncbi.nlm.nih.gov/pubmed/22355716
http://www.ncbi.nlm.nih.gov/pubmed?LinkName=pubmed_pubmed&from_uid=18566388
http://www.ncbi.nlm.nih.gov/gene?LinkName=pubmed_gene&from_uid=18566388
http://www.ncbi.nlm.nih.gov/gene?LinkName=pubmed_gene_rif&from_uid=18566388
http://www.ncbi.nlm.nih.gov/homologene?LinkName=pubmed_homologene&from_uid=18566388
http://www.ncbi.nlm.nih.gov/nuccore?LinkName=pubmed_nuccore_refseq&from_uid=18566388
http://www.ncbi.nlm.nih.gov/nuccore?LinkName=pubmed_nuccore_weighted&from_uid=18566388
http://www.ncbi.nlm.nih.gov/protein?LinkName=pubmed_protein_refseq&from_uid=18566388
http://www.ncbi.nlm.nih.gov/protein?LinkName=pubmed_protein_weighted&from_uid=18566388
http://www.ncbi.nlm.nih.gov/pubmed?LinkName=pubmed_pubmed_refs&from_uid=18566388
http://www.ncbi.nlm.nih.gov/pcsubstance?LinkName=pubmed_pcsubstance_mesh&from_uid=18566388
http://www.ncbi.nlm.nih.gov/taxonomy?LinkName=pubmed_taxonomy_entrez&from_uid=18566388
http://www.ncbi.nlm.nih.gov/unigene?LinkName=pubmed_unigene&from_uid=18566388
http://www.ncbi.nlm.nih.gov/geoprofiles?LinkName=pubmed_geoprofiles&from_uid=18566388
http://www.ncbi.nlm.nih.gov/pmc/articles/PMC2601574/
http://www.ncbi.nlm.nih.gov/pmc/articles/PMC2601574/citedby/?tool=pubmed
http://www.ncbi.nlm.nih.gov/pubmed/19209463
http://www.ncbi.nlm.nih.gov/pubmed/11522664
http://www.ncbi.nlm.nih.gov/pubmed/10725754
http://www.ncbi.nlm.nih.gov/pubmed/21671120
http://www.ncbi.nlm.nih.gov/pubmed/16126946
http://www.ncbi.nlm.nih.gov/pubmed?LinkName=pubmed_pubmed&from_uid=21824864
http://www.ncbi.nlm.nih.gov/gene?LinkName=pubmed_gene&from_uid=21824864
http://www.ncbi.nlm.nih.gov/taxonomy?LinkName=pubmed_taxonomy_entrez&from_uid=21824864
http://www.ncbi.nlm.nih.gov/unigene?LinkName=pubmed_unigene&from_uid=21824864
http://www.ncbi.nlm.nih.gov/geoprofiles?LinkName=pubmed_geoprofiles&from_uid=21824864
http://www.ncbi.nlm.nih.gov/pubmed/8577992
http://www.ncbi.nlm.nih.gov/pubmed/8225369
http://www.ncbi.nlm.nih.gov/pubmed/21446352
http://www.ncbi.nlm.nih.gov/pubmed/19477320
http://www.ncbi.nlm.nih.gov/pubmed/23365491
http://www.ncbi.nlm.nih.gov/pubmed/22566886
http://www.ncbi.nlm.nih.gov/pubmed/19852824
http://www.ncbi.nlm.nih.gov/pubmed?LinkName=pubmed_pubmed&from_uid=15981475
http://www.ncbi.nlm.nih.gov/omim?LinkName=pubmed_omim_calculated&from_uid=15981475
http://www.ncbi.nlm.nih.gov/pmc/articles/pmid/15981475/citedby/?tool=pubmed
http://www.ncbi.nlm.nih.gov/pubmed/19710455
http://www.ncbi.nlm.nih.gov/pubmed/17475784
http://www.ncbi.nlm.nih.gov/pubmed/22754651
http://www.ncbi.nlm.nih.gov/pubmed/16918482
http://www.ncbi.nlm.nih.gov/pubmed/23213488
http://www.ncbi.nlm.nih.gov/pubmed/23050243
http://www.ncbi.nlm.nih.gov/pubmed?LinkName=pubmed_pubmed&from_uid=22222887
http://www.ncbi.nlm.nih.gov/pmc/articles/pmid/22222887/citedby/?tool=pubmed
http://citeseerx.ist.psu.edu/viewdoc/summary?doi=10.1.1.31.1768
http://citeseerx.ist.psu.edu/viewdoc/summary?doi=10.1.1.239.9869
http://citeseerx.ist.psu.edu/viewdoc/summary?doi=10.1.1.153.5943
http://citeseerx.ist.psu.edu/viewdoc/summary?doi=10.1.1.37.234
http://citeseerx.ist.psu.edu/viewdoc/summary?doi=10.1.1.18.2720
http://citeseerx.ist.psu.edu/viewdoc/summary?doi=10.1.1.242.4753
http://citeseerx.ist.psu.edu/viewdoc/summary?doi=10.1.1.30.6583
http://citeseerx.ist.psu.edu/viewdoc/summary?doi=10.1.1.56.6742
http://citeseerx.ist.psu.edu/viewdoc/summary?doi=10.1.1.104.3739
http://citeseerx.ist.psu.edu/viewdoc/summary?doi=10.1.1.117.7097
http://citeseerx.ist.psu.edu/viewdoc/summary?doi=10.1.1.136.2860
http://citeseerx.ist.psu.edu/viewdoc/summary?doi=10.1.1.30.9552
http://citeseerx.ist.psu.edu/viewdoc/summary?doi=10.1.1.119.8734
http://citeseerx.ist.psu.edu/viewdoc/summary?doi=10.1.1.139.1580
http://citeseerx.ist.psu.edu/viewdoc/summary?doi=10.1.1.24.6195
http://citeseerx.ist.psu.edu/viewdoc/summary?doi=10.1.1.16.478
http://citeseerx.ist.psu.edu/viewdoc/summary?doi=10.1.1.31.3763
http://citeseerx.ist.psu.edu/viewdoc/summary?doi=10.1.1.25.7011
http://citeseerx.ist.psu.edu/viewdoc/summary?doi=10.1.1.105.3673
http://citeseerx.ist.psu.edu/viewdoc/summary?doi=10.1.1.140.3129
http://citeseerx.ist.psu.edu/viewdoc/summary?doi=10.1.1.160.7346
http://citeseerx.ist.psu.edu/viewdoc/summary?doi=10.1.1.17.1073
http://citeseerx.ist.psu.edu/viewdoc/summary?doi=10.1.1.16.6889
http://citeseerx.ist.psu.edu/viewdoc/summary?doi=10.1.1.50.7349
http://citeseerx.ist.psu.edu/viewdoc/summary?doi=10.1.1.106.9259
http://citeseerx.ist.psu.edu/viewdoc/summary?doi=10.1.1.11.9044
http://citeseerx.ist.psu.edu/viewdoc/summary?doi=10.1.1.13.3498
http://citeseerx.ist.psu.edu/viewdoc/summary?doi=10.1.1.19.3019
http://citeseerx.ist.psu.edu/viewdoc/summary?doi=10.1.1.141.5886
http://citeseerx.ist.psu.edu/viewdoc/summary?doi=10.1.1.137.6974
http://citeseerx.ist.psu.edu/viewdoc/summary?doi=10.1.1.65.2017
http://citeseerx.ist.psu.edu/viewdoc/summary?doi=10.1.1.56.2257
http://citeseerx.ist.psu.edu/viewdoc/summary?doi=10.1.1.12.678
http://citeseerx.ist.psu.edu/viewdoc/summary?doi=10.1.1.56.7109
http://citeseerx.ist.psu.edu/viewdoc/summary?doi=10.1.1.28.2349
http://citeseerx.ist.psu.edu/viewdoc/summary?doi=10.1.1.20.8201
http://citeseerx.ist.psu.edu/viewdoc/summary?doi=10.1.1.46.4691
http://citeseerx.ist.psu.edu/viewdoc/summary?doi=10.1.1.51.4920
http://citeseerx.ist.psu.edu/viewdoc/summary?doi=10.1.1.12.1400
http://citeseerx.ist.psu.edu/viewdoc/summary?doi=10.1.1.12.4975
http://citeseerx.ist.psu.edu/viewdoc/summary?doi=10.1.1.18.5084
http://citeseerx.ist.psu.edu/viewdoc/summary?doi=10.1.1.24.8162
http://citeseerx.ist.psu.edu/viewdoc/summary?doi=10.1.1.132.6191
http://citeseerx.ist.psu.edu/viewdoc/summary?doi=10.1.1.27.7690
http://citeseerx.ist.psu.edu/viewdoc/summary?doi=10.1.1.11.4846
http://citeseerx.ist.psu.edu/viewdoc/summary?doi=10.1.1.48.1254
http://citeseerx.ist.psu.edu/viewdoc/summary?doi=10.1.1.11.5848
http://citeseerx.ist.psu.edu/viewdoc/summary?doi=10.1.1.102.9018
http://citeseerx.ist.psu.edu/viewdoc/summary?doi=10.1.1.37.1595
http://citeseerx.ist.psu.edu/viewdoc/summary?doi=10.1.1.12.6173
http://citeseerx.ist.psu.edu/viewdoc/summary?doi=10.1.1.23.7883
http://citeseerx.ist.psu.edu/viewdoc/summary?doi=10.1.1.30.6376
http://citeseerx.ist.psu.edu/viewdoc/summary?doi=10.1.1.17.1128
http://citeseerx.ist.psu.edu/viewdoc/summary?doi=10.1.1.24.5695
http://citeseerx.ist.psu.edu/viewdoc/summary?doi=10.1.1.15.1384
http://citeseerx.ist.psu.edu/viewdoc/summary?doi=10.1.1.63.4622
http://citeseerx.ist.psu.edu/viewdoc/summary?doi=10.1.1.13.5964
http://citeseerx.ist.psu.edu/viewdoc/summary?doi=10.1.1.8.1102
http://citeseerx.ist.psu.edu/viewdoc/summary?doi=10.1.1.116.6001
http://citeseerx.ist.psu.edu/viewdoc/summary?doi=10.1.1.8.9145
http://citeseerx.ist.psu.edu/viewdoc/summary?doi=10.1.1.36.4418
http://citeseerx.ist.psu.edu/viewdoc/summary?doi=10.1.1.8.7554
http://citeseerx.ist.psu.edu/viewdoc/summary?doi=10.1.1.155.1213
http://citeseerx.ist.psu.edu/viewdoc/summary?doi=10.1.1.15.1578
http://citeseerx.ist.psu.edu/viewdoc/summary?doi=10.1.1.10.2207
http://citeseerx.ist.psu.edu/viewdoc/summary?doi=10.1.1.21.414
http://citeseerx.ist.psu.edu/viewdoc/summary?doi=10.1.1.58.4691
http://citeseerx.ist.psu.edu/viewdoc/summary?doi=10.1.1.33.6619
http://citeseerx.ist.psu.edu/viewdoc/summary?doi=10.1.1.83.9266
http://citeseerx.ist.psu.edu/viewdoc/summary?doi=10.1.1.107.1866
http://citeseerx.ist.psu.edu/viewdoc/summary?doi=10.1.1.6.6298
http://citeseerx.ist.psu.edu/viewdoc/summary?doi=10.1.1.48.710
http://citeseerx.ist.psu.edu/viewdoc/summary?doi=10.1.1.6.4841
http://citeseerx.ist.psu.edu/viewdoc/summary?doi=10.1.1.95.1425
http://citeseerx.ist.psu.edu/viewdoc/summary?doi=10.1.1.13.9006
http://citeseerx.ist.psu.edu/viewdoc/summary?doi=10.1.1.3.3505
http://citeseerx.ist.psu.edu/viewdoc/summary?doi=10.1.1.41.9786
http://citeseerx.ist.psu.edu/viewdoc/summary?doi=10.1.1.13.6301
http://citeseerx.ist.psu.edu/viewdoc/summary?doi=10.1.1.17.9051
http://citeseerx.ist.psu.edu/viewdoc/summary?doi=10.1.1.106.4101
http://citeseerx.ist.psu.edu/viewdoc/summary?doi=10.1.1.13.8444
http://citeseerx.ist.psu.edu/viewdoc/summary?doi=10.1.1.145.9285
http://citeseerx.ist.psu.edu/viewdoc/summary?doi=10.1.1.131.6235
http://citeseerx.ist.psu.edu/viewdoc/summary?doi=10.1.1.113.8121
http://citeseerx.ist.psu.edu/viewdoc/summary?doi=10.1.1.103.5527
http://citeseerx.ist.psu.edu/viewdoc/summary?doi=10.1.1.210.4198
http://citeseerx.ist.psu.edu/viewdoc/summary?doi=10.1.1.29.5426
http://citeseerx.ist.psu.edu/viewdoc/summary?doi=10.1.1.30.2298
http://citeseerx.ist.psu.edu/viewdoc/summary?doi=10.1.1.10.2189
http://citeseerx.ist.psu.edu/viewdoc/summary?doi=10.1.1.47.3061
http://citeseerx.ist.psu.edu/viewdoc/summary?doi=10.1.1.128.314
http://citeseerx.ist.psu.edu/viewdoc/summary?doi=10.1.1.116.3274
http://citeseerx.ist.psu.edu/viewdoc/summary?doi=10.1.1.111.8229
http://citeseerx.ist.psu.edu/viewdoc/summary?doi=10.1.1.54.3475
http://citeseerx.ist.psu.edu/viewdoc/summary?doi=10.1.1.13.9589
http://citeseerx.ist.psu.edu/viewdoc/summary?doi=10.1.1.129.3500
http://citeseerx.ist.psu.edu/viewdoc/summary?doi=10.1.1.29.198
http://citeseerx.ist.psu.edu/viewdoc/summary?doi=10.1.1.29.9953
http://citeseerx.ist.psu.edu/viewdoc/summary?doi=10.1.1.40.5630
http://citeseerx.ist.psu.edu/viewdoc/summary?doi=10.1.1.119.7484
http://citeseerx.ist.psu.edu/viewdoc/summary?doi=10.1.1.32.889
http://citeseerx.ist.psu.edu/viewdoc/summary?doi=10.1.1.128.8832
http://citeseerx.ist.psu.edu/viewdoc/summary?doi=10.1.1.125.5557
http://citeseerx.ist.psu.edu/viewdoc/summary?doi=10.1.1.29.182
http://citeseerx.ist.psu.edu/viewdoc/summary?doi=10.1.1.114.4546
http://citeseerx.ist.psu.edu/viewdoc/summary?doi=10.1.1.43.8973
http://citeseerx.ist.psu.edu/viewdoc/summary?doi=10.1.1.112.6859
http://citeseerx.ist.psu.edu/viewdoc/summary?doi=10.1.1.140.3018
http://citeseerx.ist.psu.edu/viewdoc/summary?doi=10.1.1.25.1360
http://citeseerx.ist.psu.edu/viewdoc/summary?doi=10.1.1.23.9684
http://citeseerx.ist.psu.edu/viewdoc/summary?doi=10.1.1.208.4889
http://citeseerx.ist.psu.edu/viewdoc/summary?doi=10.1.1.87.2864
http://citeseerx.ist.psu.edu/viewdoc/summary?doi=10.1.1.142.5716
http://citeseerx.ist.psu.edu/viewdoc/summary?doi=10.1.1.18.8776
http://citeseerx.ist.psu.edu/viewdoc/summary?doi=10.1.1.141.5732
http://citeseerx.ist.psu.edu/viewdoc/summary?doi=10.1.1.25.6714
http://citeseerx.ist.psu.edu/viewdoc/summary?doi=10.1.1.107.2420
http://citeseerx.ist.psu.edu/viewdoc/summary?doi=10.1.1.69.1736
http://citeseerx.ist.psu.edu/viewdoc/summary?doi=10.1.1.87.1764
http://citeseerx.ist.psu.edu/viewdoc/summary?doi=10.1.1.20.2080
http://citeseerx.ist.psu.edu/viewdoc/summary?doi=10.1.1.111.1818
http://citeseerx.ist.psu.edu/viewdoc/summary?doi=10.1.1.125.41
http://citeseerx.ist.psu.edu/viewdoc/summary?doi=10.1.1.110.5867
http://citeseerx.ist.psu.edu/viewdoc/summary?doi=10.1.1.153.5656
http://citeseerx.ist.psu.edu/viewdoc/summary?doi=10.1.1.118.3372
http://citeseerx.ist.psu.edu/viewdoc/summary?doi=10.1.1.147.1879
http://citeseerx.ist.psu.edu/viewdoc/summary?doi=10.1.1.18.1519
http://citeseerx.ist.psu.edu/viewdoc/summary?doi=10.1.1.11.8056
http://citeseerx.ist.psu.edu/viewdoc/summary?doi=10.1.1.140.2918
http://citeseerx.ist.psu.edu/viewdoc/summary?doi=10.1.1.32.3665
http://citeseerx.ist.psu.edu/viewdoc/summary?doi=10.1.1.129.4143
http://citeseerx.ist.psu.edu/viewdoc/summary?doi=10.1.1.37.962
http://citeseerx.ist.psu.edu/viewdoc/summary?doi=10.1.1.55.868
http://citeseerx.ist.psu.edu/viewdoc/summary?doi=10.1.1.123.805
http://citeseerx.ist.psu.edu/viewdoc/summary?doi=10.1.1.29.1549
http://citeseerx.ist.psu.edu/viewdoc/summary?doi=10.1.1.20.2244
http://citeseerx.ist.psu.edu/viewdoc/summary?doi=10.1.1.20.8828
http://citeseerx.ist.psu.edu/viewdoc/summary?doi=10.1.1.20.9091
http://citeseerx.ist.psu.edu/viewdoc/summary?doi=10.1.1.48.5954
http://citeseerx.ist.psu.edu/viewdoc/summary?doi=10.1.1.29.707
http://citeseerx.ist.psu.edu/viewdoc/summary?doi=10.1.1.134.970
http://citeseerx.ist.psu.edu/viewdoc/summary?doi=10.1.1.56.8772
http://citeseerx.ist.psu.edu/viewdoc/summary?doi=10.1.1.113.4136
http://citeseerx.ist.psu.edu/viewdoc/summary?doi=10.1.1.38.3665
http://citeseerx.ist.psu.edu/viewdoc/summary?doi=10.1.1.118.4465
http://citeseerx.ist.psu.edu/viewdoc/summary?doi=10.1.1.117.812
http://citeseerx.ist.psu.edu/viewdoc/summary?doi=10.1.1.37.6381
http://citeseerx.ist.psu.edu/viewdoc/summary?doi=10.1.1.102.1794
http://citeseerx.ist.psu.edu/viewdoc/summary?doi=10.1.1.18.1648
http://citeseerx.ist.psu.edu/viewdoc/summary?doi=10.1.1.37.8785
http://citeseerx.ist.psu.edu/viewdoc/summary?doi=10.1.1.28.8372
http://citeseerx.ist.psu.edu/viewdoc/summary?doi=10.1.1.16.1417
http://citeseerx.ist.psu.edu/viewdoc/summary?doi=10.1.1.25.9721
http://citeseerx.ist.psu.edu/viewdoc/summary?doi=10.1.1.125.8443
http://citeseerx.ist.psu.edu/viewdoc/summary?doi=10.1.1.48.3902
http://citeseerx.ist.psu.edu/viewdoc/summary?doi=10.1.1.30.7124
http://citeseerx.ist.psu.edu/viewdoc/summary?doi=10.1.1.54.7470
http://citeseerx.ist.psu.edu/viewdoc/summary?doi=10.1.1.16.1396
http://citeseerx.ist.psu.edu/viewdoc/summary?doi=10.1.1.34.7988
http://citeseerx.ist.psu.edu/viewdoc/summary?doi=10.1.1.56.5329
http://citeseerx.ist.psu.edu/viewdoc/summary?doi=10.1.1.52.601
http://citeseerx.ist.psu.edu/viewdoc/summary?doi=10.1.1.47.5062
http://citeseerx.ist.psu.edu/viewdoc/summary?doi=10.1.1.85.2760
http://citeseerx.ist.psu.edu/viewdoc/summary?doi=10.1.1.20.5519
http://citeseerx.ist.psu.edu/viewdoc/summary?doi=10.1.1.137.7800
http://citeseerx.ist.psu.edu/viewdoc/summary?doi=10.1.1.56.690
http://citeseerx.ist.psu.edu/viewdoc/summary?doi=10.1.1.34.9201
http://citeseerx.ist.psu.edu/viewdoc/summary?doi=10.1.1.49.9106
http://citeseerx.ist.psu.edu/viewdoc/summary?doi=10.1.1.20.9952
http://citeseerx.ist.psu.edu/viewdoc/summary?doi=10.1.1.64.6732
http://citeseerx.ist.psu.edu/viewdoc/summary?doi=10.1.1.269.2694
http://citeseerx.ist.psu.edu/viewdoc/summary?doi=10.1.1.25.9588
http://citeseerx.ist.psu.edu/viewdoc/summary?doi=10.1.1.50.6776
http://citeseerx.ist.psu.edu/viewdoc/summary?doi=10.1.1.11.9216
http://citeseerx.ist.psu.edu/viewdoc/summary?doi=10.1.1.16.5235
http://citeseerx.ist.psu.edu/viewdoc/summary?doi=10.1.1.110.3550
http://citeseerx.ist.psu.edu/viewdoc/summary?doi=10.1.1.126.6493
http://citeseerx.ist.psu.edu/viewdoc/summary?doi=10.1.1.135.4603
http://citeseerx.ist.psu.edu/viewdoc/summary?doi=10.1.1.129.8516
http://citeseerx.ist.psu.edu/viewdoc/summary?doi=10.1.1.197.5464
http://citeseerx.ist.psu.edu/viewdoc/summary?doi=10.1.1.20.6219
http://citeseerx.ist.psu.edu/viewdoc/summary?doi=10.1.1.40.6569
http://citeseerx.ist.psu.edu/viewdoc/summary?doi=10.1.1.153.5210
http://citeseerx.ist.psu.edu/viewdoc/summary?doi=10.1.1.227.6085
http://citeseerx.ist.psu.edu/viewdoc/summary?doi=10.1.1.20.9543
http://citeseerx.ist.psu.edu/viewdoc/summary?doi=10.1.1.46.5044
http://citeseerx.ist.psu.edu/viewdoc/summary?doi=10.1.1.56.9278
http://citeseerx.ist.psu.edu/viewdoc/summary?doi=10.1.1.176.7098
http://citeseerx.ist.psu.edu/viewdoc/summary?doi=10.1.1.18.7006
http://citeseerx.ist.psu.edu/viewdoc/summary?doi=10.1.1.115.7064
http://citeseerx.ist.psu.edu/viewdoc/summary?doi=10.1.1.133.9456
http://citeseerx.ist.psu.edu/viewdoc/summary?doi=10.1.1.31.4403
http://citeseerx.ist.psu.edu/viewdoc/summary?doi=10.1.1.35.4172
http://citeseerx.ist.psu.edu/viewdoc/summary?doi=10.1.1.29.1365
http://citeseerx.ist.psu.edu/viewdoc/summary?doi=10.1.1.63.5712
http://citeseerx.ist.psu.edu/viewdoc/summary?doi=10.1.1.103.8364
http://citeseerx.ist.psu.edu/viewdoc/summary?doi=10.1.1.115.8343
http://citeseerx.ist.psu.edu/viewdoc/summary?doi=10.1.1.62.2127
http://citeseerx.ist.psu.edu/viewdoc/summary?doi=10.1.1.132.9318
http://citeseerx.ist.psu.edu/viewdoc/summary?doi=10.1.1.87.7312
http://www.google.com/patents/US6016176
http://www.google.com/patents/US6047196
http://www.google.com/patents/US6094492
http://www.google.com/patents/US6144358
http://www.google.com/patents/US6311076
http://www.google.com/patents/US6327482
http://www.google.com/patents/US6526296
http://www.google.com/patents/US6556586
http://www.google.com/patents/US6567101
http://www.google.com/patents/US6636203
http://www.google.com/patents/US6643124
http://www.google.com/patents/US6646626
http://www.google.com/patents/US6697083
http://www.google.com/patents/US6748249
http://www.google.com/patents/US6792293
http://www.google.com/patents/US6859451
http://www.google.com/patents/US6943773
http://www.google.com/patents/US6988247
http://www.google.com/patents/US7027311
http://www.google.com/patents/US7042711
http://www.google.com/patents/US7050835
http://www.google.com/patents/US7109967
http://www.google.com/patents/US7138985
http://www.google.com/patents/US7142195
http://www.google.com/patents/US7230599
http://www.google.com/patents/US7242315
http://www.google.com/patents/US7253807
http://www.google.com/patents/US7324093
http://www.google.com/patents/US7368307
http://www.google.com/patents/US7394452
http://www.google.com/patents/US7430452
http://www.google.com/patents/US7445189
http://www.google.com/patents/US7522153
http://www.google.com/patents/US7623105
http://www.google.com/patents/US7679604
http://www.google.com/patents/US7867285
http://www.google.com/patents/US7880718
http://www.google.com/patents/US7889174
http://www.google.com/patents/US7898429
http://www.google.com/patents/US7953462
http://www.google.com/patents/US20020167481
http://www.google.com/patents/US20030050019
http://www.google.com/patents/US20030227441
http://www.google.com/patents/US20040039789
http://www.google.com/patents/US20040217877
http://www.google.com/patents/US20040252332
http://www.google.com/patents/US20050111041
http://www.google.com/patents/US20050130611
http://www.google.com/patents/US20050174261
http://www.google.com/patents/US20050185661
http://www.google.com/patents/US20060055663
http://www.google.com/patents/US20060096392
http://www.google.com/patents/US20060146009
http://www.google.com/patents/US20060156218
http://www.google.com/patents/US20060194619
http://www.google.com/patents/US20060206215
http://www.google.com/patents/US20060232663
http://www.google.com/patents/US20060238494
http://www.google.com/patents/US20060259637
http://www.google.com/patents/US20060281446
http://www.google.com/patents/US20070046643
http://www.google.com/patents/US20070085837
http://www.google.com/patents/US20070085838
http://www.google.com/patents/US20070085845
http://www.google.com/patents/US20070100942
http://www.google.com/patents/US20070105528
http://www.google.com/patents/US20070139391
http://www.google.com/patents/US20070165372
http://www.google.com/patents/US20070198633
http://www.google.com/patents/US20070208879
http://www.google.com/patents/US20070220427
http://www.google.com/patents/US20070242310
http://www.google.com/patents/US20070247422
http://www.google.com/patents/US20070264975
http://www.google.com/patents/US20070268246
http://www.google.com/patents/US20080021963
http://www.google.com/patents/US20080040498
http://www.google.com/patents/US20080046577
http://www.google.com/patents/US20080117184
http://www.google.com/patents/US20080124982
http://www.google.com/patents/US20080132287
http://www.google.com/patents/US20080151480
http://www.google.com/patents/US20080167095
http://www.google.com/patents/US20080294991
http://www.google.com/patents/US20080303782
http://www.google.com/patents/US20090025022
http://www.google.com/patents/US20090135145
http://www.google.com/patents/US20090167737
http://www.google.com/patents/US20090174658
http://www.google.com/patents/US20090184981
http://www.google.com/patents/US20090227283
http://www.google.com/patents/US20100011291
http://www.google.com/patents/US20100045705
http://www.google.com/patents/US20100053073
http://www.google.com/patents/US20100056223
http://www.google.com/patents/US20100060548
http://www.google.com/patents/US20100066685
http://www.google.com/patents/US20100134312
http://www.google.com/patents/US20100141605
http://www.google.com/patents/US20100188422
http://www.google.com/patents/US20100207745
http://www.google.com/patents/US20100220065
http://www.google.com/patents/US8175345
http://www.google.com/patents/US8204281
http://www.google.com/patents/US8229184
http://www.google.com/patents/US4151512
http://www.google.com/patents/US4310827
http://www.google.com/patents/US4353056
http://www.google.com/patents/US4405829
http://www.google.com/patents/US4525859
http://www.google.com/patents/US4550221
http://www.google.com/patents/US4580790
http://www.google.com/patents/US4758622
http://www.google.com/patents/US4817183
http://www.google.com/patents/US5076566
http://www.google.com/patents/US5109427
http://www.google.com/patents/US5140642
http://www.google.com/patents/US5305017
http://www.google.com/patents/US5319323
http://www.google.com/patents/US5325442
http://www.google.com/patents/US5420936
http://www.google.com/patents/US5422807
http://www.google.com/patents/US5543591
http://www.google.com/patents/US5569901
http://www.google.com/patents/US5623552
http://www.google.com/patents/US5627316
http://www.google.com/patents/US5650842
http://www.google.com/patents/US5717777
http://www.google.com/patents/US5781651
http://www.google.com/patents/US5801681
http://www.google.com/patents/US5818956
http://www.google.com/patents/US5838306
http://www.google.com/patents/US5852670
http://www.google.com/patents/US5887343
http://www.google.com/patents/US5892824
http://www.google.com/patents/US5903225
http://www.google.com/patents/US5915757
http://www.google.com/patents/US5920384
http://www.google.com/patents/US5920640
http://www.google.com/patents/US5940526
http://www.google.com/patents/US5999637
http://www.google.com/patents/US6002815
http://www.google.com/patents/US6016355
http://www.google.com/patents/US6052475
http://www.google.com/patents/US6067368
http://www.google.com/patents/US6073343
http://www.google.com/patents/US6076566
http://www.google.com/patents/US6088585
http://www.google.com/patents/US6098175
http://www.google.com/patents/US6134340
http://www.google.com/patents/US6157722
http://www.google.com/patents/US6161213
http://www.google.com/patents/US6182076
http://www.google.com/patents/US6182892
http://www.google.com/patents/US6185318
http://www.google.com/patents/US6241288
http://www.google.com/patents/US6259108
http://www.google.com/patents/US6289114
http://www.google.com/patents/US6317508
http://www.google.com/patents/US6320394
http://www.google.com/patents/US6332193
http://www.google.com/patents/US6333989
http://www.google.com/patents/US6346739
http://www.google.com/patents/US6347040
http://www.google.com/patents/US6362633
http://www.google.com/patents/US6392636
http://www.google.com/patents/US6400836
http://www.google.com/patents/US6408087
http://www.google.com/patents/US6473072
http://www.google.com/patents/US6509501
http://www.google.com/patents/US6539101
http://www.google.com/patents/US6580816
http://www.google.com/patents/US6597289
http://www.google.com/patents/US6643389
http://www.google.com/patents/US6672174
http://www.google.com/patents/US6738050
http://www.google.com/patents/US6741729
http://www.google.com/patents/US6757002
http://www.google.com/patents/US6766040
http://www.google.com/patents/US6785407
http://www.google.com/patents/US6838905
http://www.google.com/patents/US6886104
http://www.google.com/patents/US6897002
http://www.google.com/patents/US6898299
http://www.google.com/patents/US6937748
http://www.google.com/patents/US6941001
http://www.google.com/patents/US6941810
http://www.google.com/patents/US6950540
http://www.google.com/patents/US6959874
http://www.google.com/patents/US6963626
http://www.google.com/patents/US6970584
http://www.google.com/patents/US6980672
http://www.google.com/patents/US6983882
http://www.google.com/patents/US7020591
http://www.google.com/patents/US7030860
http://www.google.com/patents/US7042535
http://www.google.com/patents/US7046230
http://www.google.com/patents/US7064743
http://www.google.com/patents/US7099496
http://www.google.com/patents/US7110577
http://www.google.com/patents/US7113622
http://www.google.com/patents/US7126389
http://www.google.com/patents/US7129926
http://www.google.com/patents/US7136514
http://www.google.com/patents/US7146024
http://www.google.com/patents/US7146029
http://www.google.com/patents/US7194392
http://www.google.com/patents/US7197168
http://www.google.com/patents/US7200250
http://www.google.com/patents/US7251351
http://www.google.com/patents/US7258279
http://www.google.com/patents/US7260246
http://www.google.com/patents/US7290323
http://www.google.com/patents/US7308122
http://www.google.com/patents/US7321672
http://www.google.com/patents/US7360688
http://www.google.com/patents/US7379569
http://www.google.com/patents/US7403644
http://www.google.com/patents/US7409876
http://www.google.com/patents/US7412083
http://www.google.com/patents/US7424618
http://www.google.com/patents/US7447911
http://www.google.com/patents/US7460697
http://www.google.com/patents/US7463756
http://www.google.com/patents/US7505611
http://www.google.com/patents/US7505613
http://www.google.com/patents/US7574022
http://www.google.com/patents/US7643950
http://www.google.com/patents/US7646897
http://www.google.com/patents/US7681232
http://www.google.com/patents/US7751601
http://www.google.com/patents/US7754022
http://www.google.com/patents/US7843438
http://www.google.com/patents/US7953258
http://www.google.com/patents/US20010026636
http://www.google.com/patents/US20010030644
http://www.google.com/patents/US20010036299
http://www.google.com/patents/US20010043728
http://www.google.com/patents/US20020025062
http://www.google.com/patents/US20020061125
http://www.google.com/patents/US20020067845
http://www.google.com/patents/US20020073046
http://www.google.com/patents/US20020089410
http://www.google.com/patents/US20020122026
http://www.google.com/patents/US20020126516
http://www.google.com/patents/US20020133725
http://www.google.com/patents/US20020181749
http://www.google.com/patents/US20030002717
http://www.google.com/patents/US20030002719
http://www.google.com/patents/US20030021495
http://www.google.com/patents/US20030035570
http://www.google.com/patents/US20030068072
http://www.google.com/patents/US20030076301
http://www.google.com/patents/US20030076303
http://www.google.com/patents/US20030095096
http://www.google.com/patents/US20030102874
http://www.google.com/patents/US20030123714
http://www.google.com/patents/US20030141959
http://www.google.com/patents/US20030147015
http://www.google.com/patents/US20030161512
http://www.google.com/patents/US20030169228
http://www.google.com/patents/US20030174871
http://www.google.com/patents/US20030186157
http://www.google.com/patents/US20030209293
http://www.google.com/patents/US20030224553
http://www.google.com/patents/US20040012773
http://www.google.com/patents/US20040022001
http://www.google.com/patents/US20040042642
http://www.google.com/patents/US20040050930
http://www.google.com/patents/US20040066613
http://www.google.com/patents/US20040076314
http://www.google.com/patents/US20040081339
http://www.google.com/patents/US20040096086
http://www.google.com/patents/US20040113956
http://www.google.com/patents/US20040120400
http://www.google.com/patents/US20040125993
http://www.google.com/patents/US20040129787
http://www.google.com/patents/US20040136612
http://www.google.com/patents/US20040172339
http://www.google.com/patents/US20040179718
http://www.google.com/patents/US20040184641
http://www.google.com/patents/US20040190761
http://www.google.com/patents/US20040208346
http://www.google.com/patents/US20040208347
http://www.google.com/patents/US20040208348
http://www.google.com/patents/US20040213441
http://www.google.com/patents/US20040215689
http://www.google.com/patents/US20040228505
http://www.google.com/patents/US20040228508
http://www.google.com/patents/US20040240712
http://www.google.com/patents/US20040252867
http://www.google.com/patents/US20050036665
http://www.google.com/patents/US20050047485
http://www.google.com/patents/US20050100196
http://www.google.com/patents/US20050109835
http://www.google.com/patents/US20050110103
http://www.google.com/patents/US20050136200
http://www.google.com/patents/US20050139656
http://www.google.com/patents/US20050162402
http://www.google.com/patents/US20050169503
http://www.google.com/patents/US20050210271
http://www.google.com/patents/US20050219200
http://www.google.com/patents/US20050231213
http://www.google.com/patents/US20050238212
http://www.google.com/patents/US20050244038
http://www.google.com/patents/US20050244039
http://www.google.com/patents/US20050249386
http://www.google.com/patents/US20050259852
http://www.google.com/patents/US20050269402
http://www.google.com/patents/US20060006224
http://www.google.com/patents/US20060055500
http://www.google.com/patents/US20060066572
http://www.google.com/patents/US20060078176
http://www.google.com/patents/US20060083411
http://www.google.com/patents/US20060110537
http://www.google.com/patents/US20060140461
http://www.google.com/patents/US20060144953
http://www.google.com/patents/US20060170528
http://www.google.com/patents/US20060187200
http://www.google.com/patents/US20060210082
http://www.google.com/patents/US20060214512
http://www.google.com/patents/US20060239514
http://www.google.com/patents/US20060249008
http://www.google.com/patents/US20060259873
http://www.google.com/patents/US20060261174
http://www.google.com/patents/US20060271793
http://www.google.com/patents/US20060287963
http://www.google.com/patents/US20070031011
http://www.google.com/patents/US20070036400
http://www.google.com/patents/US20070057763
http://www.google.com/patents/US20070067828
http://www.google.com/patents/US20070076926
http://www.google.com/patents/US20070076951
http://www.google.com/patents/US20070086634
http://www.google.com/patents/US20070090312
http://www.google.com/patents/US20070138299
http://www.google.com/patents/US20070198141
http://www.google.com/patents/US20070198435
http://www.google.com/patents/US20070228154
http://www.google.com/patents/US20070237366
http://www.google.com/patents/US20070248249
http://www.google.com/patents/US20080002867
http://www.google.com/patents/US20080013805
http://www.google.com/patents/US20080019578
http://www.google.com/patents/US20080049987
http://www.google.com/patents/US20080049989
http://www.google.com/patents/US20080063245
http://www.google.com/patents/US20080126260
http://www.google.com/patents/US20080169345
http://www.google.com/patents/US20080170695
http://www.google.com/patents/US20080175450
http://www.google.com/patents/US20080178008
http://www.google.com/patents/US20080179112
http://www.google.com/patents/US20080185429
http://www.google.com/patents/US20080205714
http://www.google.com/patents/US20080219521
http://www.google.com/patents/US20080222049
http://www.google.com/patents/US20080223925
http://www.google.com/patents/US20080226132
http://www.google.com/patents/US20080240523
http://www.google.com/patents/US20080244277
http://www.google.com/patents/US20080267462
http://www.google.com/patents/US20080279373
http://www.google.com/patents/US20090130369
http://www.google.com/patents/US20090153297
http://www.google.com/patents/US20090154779
http://www.google.com/patents/US20090155456
http://www.google.com/patents/US20090169071
http://www.google.com/patents/US20090174974
http://www.google.com/patents/US20090252384
http://www.google.com/patents/US20090252385
http://www.google.com/patents/US20090252386
http://www.google.com/patents/US20090319435
http://www.google.com/patents/US20090324028
http://www.google.com/patents/US20100026451
http://www.google.com/patents/US20100083000
http://www.google.com/patents/US20100119124
http://www.google.com/patents/US20100123675
http://www.google.com/patents/US20100127366
http://www.google.com/patents/US20100176823
http://www.google.com/patents/US20100176892
http://www.google.com/patents/US20100177940
http://www.google.com/patents/US20100180136
http://www.google.com/patents/US20100189314
http://www.google.com/patents/US20100208953
http://www.google.com/patents/US20100244166
http://www.google.com/patents/US20100272329
http://www.google.com/patents/US20100284565
http://www.google.com/patents/US20110002461
http://www.google.com/patents/US20110102567
http://www.google.com/patents/US20110102569
http://www.google.com/patents/US5864296
http://www.google.com/patents/US6234031
http://www.google.com/patents/US6337919
http://www.google.com/patents/US6399994
http://www.google.com/patents/US6924496
http://www.google.com/patents/US7043644
http://www.google.com/patents/US7146026
http://www.google.com/patents/US8005276
http://www.google.com/patents/US20020064892
http://www.google.com/patents/US20020089044
http://www.google.com/patents/US20020096731
http://www.google.com/patents/US20030161510
http://www.google.com/patents/US20040076313
http://www.google.com/patents/US20050031174
http://www.google.com/patents/US20050258952
http://www.google.com/patents/US8212773
http://www.google.com/patents/US6175407
http://www.google.com/patents/US7565548
http://www.google.com/patents/US7899216
http://www.google.com/patents/US20050111708
http://www.google.com/patents/US20090279742
http://www.google.com/patents/US20100123657
http://www.google.com/patents/US4151512
http://www.google.com/patents/US4225850
http://www.google.com/patents/US4310827
http://www.google.com/patents/US4353056
http://www.google.com/patents/US4405829
http://www.google.com/patents/US4525859
http://www.google.com/patents/US4550221
http://www.google.com/patents/US4580790
http://www.google.com/patents/US4758622
http://www.google.com/patents/US4817183
http://www.google.com/patents/US5076566
http://www.google.com/patents/US5109427
http://www.google.com/patents/US5140642
http://www.google.com/patents/US5305017
http://www.google.com/patents/US5319323
http://www.google.com/patents/US5325442
http://www.google.com/patents/US5420936
http://www.google.com/patents/US5422807
http://www.google.com/patents/US5456256
http://www.google.com/patents/US5543591
http://www.google.com/patents/US5569901
http://www.google.com/patents/US5623552
http://www.google.com/patents/US5627316
http://www.google.com/patents/US5650842
http://www.google.com/patents/US5717777
http://www.google.com/patents/US5781651
http://www.google.com/patents/US5801681
http://www.google.com/patents/US5818956
http://www.google.com/patents/US5838306
http://www.google.com/patents/US5848176
http://www.google.com/patents/US5852670
http://www.google.com/patents/US5864296
http://www.google.com/patents/US5887343
http://www.google.com/patents/US5892824
http://www.google.com/patents/US5903225
http://www.google.com/patents/US5915757
http://www.google.com/patents/US5920384
http://www.google.com/patents/US5920640
http://www.google.com/patents/US5940526
http://www.google.com/patents/US5999637
http://www.google.com/patents/US6002815
http://www.google.com/patents/US6016355
http://www.google.com/patents/US6052475
http://www.google.com/patents/US6067368
http://www.google.com/patents/US6073343
http://www.google.com/patents/US6076566
http://www.google.com/patents/US6088585
http://www.google.com/patents/US6098175
http://www.google.com/patents/US6134340
http://www.google.com/patents/US6157722
http://www.google.com/patents/US6161213
http://www.google.com/patents/US6175407
http://www.google.com/patents/US6182076
http://www.google.com/patents/US6182892
http://www.google.com/patents/US6185318
http://www.google.com/patents/US6234031
http://www.google.com/patents/US6241288
http://www.google.com/patents/US6259108
http://www.google.com/patents/US6289114
http://www.google.com/patents/US6317508
http://www.google.com/patents/US6320394
http://www.google.com/patents/US6332193
http://www.google.com/patents/US6333989
http://www.google.com/patents/US6337919
http://www.google.com/patents/US6346739
http://www.google.com/patents/US6347040
http://www.google.com/patents/US6360004
http://www.google.com/patents/US6362633
http://www.google.com/patents/US6392636
http://www.google.com/patents/US6399994
http://www.google.com/patents/US6400836
http://www.google.com/patents/US6408087
http://www.google.com/patents/US6473072
http://www.google.com/patents/US6509501
http://www.google.com/patents/US6539101
http://www.google.com/patents/US6580816
http://www.google.com/patents/US6597289
http://www.google.com/patents/US6643389
http://www.google.com/patents/US6672174
http://www.google.com/patents/US6738050
http://www.google.com/patents/US6741729
http://www.google.com/patents/US6757002
http://www.google.com/patents/US6766040
http://www.google.com/patents/US6785407
http://www.google.com/patents/US6838905
http://www.google.com/patents/US6886104
http://www.google.com/patents/US6897002
http://www.google.com/patents/US6898299
http://www.google.com/patents/US6924496
http://www.google.com/patents/US6937748
http://www.google.com/patents/US6941001
http://www.google.com/patents/US6941810
http://www.google.com/patents/US6950540
http://www.google.com/patents/US6959874
http://www.google.com/patents/US6963626
http://www.google.com/patents/US6970584
http://www.google.com/patents/US6980672
http://www.google.com/patents/US6983882
http://www.google.com/patents/US7013030
http://www.google.com/patents/US7020591
http://www.google.com/patents/US7030860
http://www.google.com/patents/US7035443
http://www.google.com/patents/US7039223
http://www.google.com/patents/US7042535
http://www.google.com/patents/US7043061
http://www.google.com/patents/US7043644
http://www.google.com/patents/US7046230
http://www.google.com/patents/US7064743
http://www.google.com/patents/US7099496
http://www.google.com/patents/US7110577
http://www.google.com/patents/US7113622
http://www.google.com/patents/US7126389
http://www.google.com/patents/US7129926
http://www.google.com/patents/US7136514
http://www.google.com/patents/US7146024
http://www.google.com/patents/US7146026
http://www.google.com/patents/US7146029
http://www.google.com/patents/US7190816
http://www.google.com/patents/US7194392
http://www.google.com/patents/US7197168
http://www.google.com/patents/US7200250
http://www.google.com/patents/US7251351
http://www.google.com/patents/US7258279
http://www.google.com/patents/US7260246
http://www.google.com/patents/US7263212
http://www.google.com/patents/US7263213
http://www.google.com/patents/US7289649
http://www.google.com/patents/US7290323
http://www.google.com/patents/US7308121
http://www.google.com/patents/US7308122
http://www.google.com/patents/US7321672
http://www.google.com/patents/US7356169
http://www.google.com/patents/US7360688
http://www.google.com/patents/US7369684
http://www.google.com/patents/US7379569
http://www.google.com/patents/US7409876
http://www.google.com/patents/US7412083
http://www.google.com/patents/US7424618
http://www.google.com/patents/US7447339
http://www.google.com/patents/US7447911
http://www.google.com/patents/US7460697
http://www.google.com/patents/US7463756
http://www.google.com/patents/US7505611
http://www.google.com/patents/US7505613
http://www.google.com/patents/US7565548
http://www.google.com/patents/US7574022
http://www.google.com/patents/US7643950
http://www.google.com/patents/US7646897
http://www.google.com/patents/US7681232
http://www.google.com/patents/US7689013
http://www.google.com/patents/US7706581
http://www.google.com/patents/US7733697
http://www.google.com/patents/US7751601
http://www.google.com/patents/US7843438
http://www.google.com/patents/US7899216
http://www.google.com/patents/US7953258
http://www.google.com/patents/US8005276
http://www.google.com/patents/US8031916
http://www.google.com/patents/US8077935
http://www.google.com/patents/US20010026636
http://www.google.com/patents/US20010030644
http://www.google.com/patents/US20010036299
http://www.google.com/patents/US20010043728
http://www.google.com/patents/US20020025062
http://www.google.com/patents/US20020061125
http://www.google.com/patents/US20020064892
http://www.google.com/patents/US20020067845
http://www.google.com/patents/US20020073046
http://www.google.com/patents/US20020089044
http://www.google.com/patents/US20020089410
http://www.google.com/patents/US20020096731
http://www.google.com/patents/US20020122026
http://www.google.com/patents/US20020126516
http://www.google.com/patents/US20020133725
http://www.google.com/patents/US20020181749
http://www.google.com/patents/US20030002717
http://www.google.com/patents/US20030002719
http://www.google.com/patents/US20030021495
http://www.google.com/patents/US20030035570
http://www.google.com/patents/US20030063782
http://www.google.com/patents/US20030068072
http://www.google.com/patents/US20030076301
http://www.google.com/patents/US20030076303
http://www.google.com/patents/US20030095096
http://www.google.com/patents/US20030102874
http://www.google.com/patents/US20030123714
http://www.google.com/patents/US20030123715
http://www.google.com/patents/US20030141959
http://www.google.com/patents/US20030147015
http://www.google.com/patents/US20030161510
http://www.google.com/patents/US20030161512
http://www.google.com/patents/US20030169228
http://www.google.com/patents/US20030174871
http://www.google.com/patents/US20030186157
http://www.google.com/patents/US20030209293
http://www.google.com/patents/US20030224553
http://www.google.com/patents/US20040012773
http://www.google.com/patents/US20040022001
http://www.google.com/patents/US20040042642
http://www.google.com/patents/US20040050930
http://www.google.com/patents/US20040066613
http://www.google.com/patents/US20040076313
http://www.google.com/patents/US20040081339
http://www.google.com/patents/US20040096086
http://www.google.com/patents/US20040113956
http://www.google.com/patents/US20040120400
http://www.google.com/patents/US20040125993
http://www.google.com/patents/US20040129787
http://www.google.com/patents/US20040136612
http://www.google.com/patents/US20040172339
http://www.google.com/patents/US20040179718
http://www.google.com/patents/US20040184641
http://www.google.com/patents/US20040190761
http://www.google.com/patents/US20040208346
http://www.google.com/patents/US20040208347
http://www.google.com/patents/US20040208348
http://www.google.com/patents/US20040213441
http://www.google.com/patents/US20040215689
http://www.google.com/patents/US20040228505
http://www.google.com/patents/US20040228508
http://www.google.com/patents/US20040240712
http://www.google.com/patents/US20040252867
http://www.google.com/patents/US20050031174
http://www.google.com/patents/US20050036665
http://www.google.com/patents/US20050047485
http://www.google.com/patents/US20050100196
http://www.google.com/patents/US20050109835
http://www.google.com/patents/US20050110103
http://www.google.com/patents/US20050111708
http://www.google.com/patents/US20050123176
http://www.google.com/patents/US20050136200
http://www.google.com/patents/US20050139656
http://www.google.com/patents/US20050162402
http://www.google.com/patents/US20050169503
http://www.google.com/patents/US20050210271
http://www.google.com/patents/US20050219200
http://www.google.com/patents/US20050220329
http://www.google.com/patents/US20050231213
http://www.google.com/patents/US20050238212
http://www.google.com/patents/US20050244038
http://www.google.com/patents/US20050244039
http://www.google.com/patents/US20050249386
http://www.google.com/patents/US20050258952
http://www.google.com/patents/US20050269402
http://www.google.com/patents/US20060006224
http://www.google.com/patents/US20060055500
http://www.google.com/patents/US20060066572
http://www.google.com/patents/US20060078176
http://www.google.com/patents/US20060083411
http://www.google.com/patents/US20060110537
http://www.google.com/patents/US20060140461
http://www.google.com/patents/US20060144953
http://www.google.com/patents/US20060170528
http://www.google.com/patents/US20060187200
http://www.google.com/patents/US20060210082
http://www.google.com/patents/US20060214512
http://www.google.com/patents/US20060239514
http://www.google.com/patents/US20060249008
http://www.google.com/patents/US20060259873
http://www.google.com/patents/US20060261174
http://www.google.com/patents/US20060271793
http://www.google.com/patents/US20060287963
http://www.google.com/patents/US20070031011
http://www.google.com/patents/US20070036400
http://www.google.com/patents/US20070057763
http://www.google.com/patents/US20070067828
http://www.google.com/patents/US20070076926
http://www.google.com/patents/US20070076951
http://www.google.com/patents/US20070086634
http://www.google.com/patents/US20070090312
http://www.google.com/patents/US20070138299
http://www.google.com/patents/US20070180261
http://www.google.com/patents/US20070198141
http://www.google.com/patents/US20070198435
http://www.google.com/patents/US20070228154
http://www.google.com/patents/US20070237366
http://www.google.com/patents/US20070248249
http://www.google.com/patents/US20080002867
http://www.google.com/patents/US20080013805
http://www.google.com/patents/US20080019578
http://www.google.com/patents/US20080049987
http://www.google.com/patents/US20080049989
http://www.google.com/patents/US20080063245
http://www.google.com/patents/US20080069412
http://www.google.com/patents/US20080126260
http://www.google.com/patents/US20080169345
http://www.google.com/patents/US20080170695
http://www.google.com/patents/US20080175450
http://www.google.com/patents/US20080178008
http://www.google.com/patents/US20080179112
http://www.google.com/patents/US20080185429
http://www.google.com/patents/US20080201265
http://www.google.com/patents/US20080205714
http://www.google.com/patents/US20080219521
http://www.google.com/patents/US20080222049
http://www.google.com/patents/US20080223925
http://www.google.com/patents/US20080240523
http://www.google.com/patents/US20080244277
http://www.google.com/patents/US20080267462
http://www.google.com/patents/US20080279373
http://www.google.com/patents/US20090130369
http://www.google.com/patents/US20090153297
http://www.google.com/patents/US20090154779
http://www.google.com/patents/US20090155456
http://www.google.com/patents/US20090169071
http://www.google.com/patents/US20090174974
http://www.google.com/patents/US20090237135
http://www.google.com/patents/US20090252384
http://www.google.com/patents/US20090252385
http://www.google.com/patents/US20090252386
http://www.google.com/patents/US20090279742
http://www.google.com/patents/US20090319435
http://www.google.com/patents/US20090324028
http://www.google.com/patents/US20100026451
http://www.google.com/patents/US20100045705
http://www.google.com/patents/US20100083000
http://www.google.com/patents/US20100119124
http://www.google.com/patents/US20100123675
http://www.google.com/patents/US20100127366
http://www.google.com/patents/US20100176823
http://www.google.com/patents/US20100176892
http://www.google.com/patents/US20100177940
http://www.google.com/patents/US20100180136
http://www.google.com/patents/US20100189314
http://www.google.com/patents/US20100208953
http://www.google.com/patents/US20100244166
http://www.google.com/patents/US20100272329
http://www.google.com/patents/US20100284565
http://www.google.com/patents/US20110002461
http://www.google.com/patents/US20110018556
http://www.google.com/patents/US20110102567
http://www.google.com/patents/US20110102569
http://www.google.com/patents/US20110182486
http://www.google.com/patents/US20110214924
http://www.google.com/patents/US20110267298
http://www.google.com/patents/US20110298711
http://www.google.com/patents/US20110304001
http://www.google.com/patents/US6169789
http://www.google.com/patents/US6882859
http://www.google.com/patents/US7062291
http://www.google.com/patents/US7912508
http://www.google.com/patents/US20030186729
http://www.google.com/patents/US20050140565
http://www.google.com/patents/US20070097108
http://www.google.com/patents/US20070188450
http://www.google.com/patents/US20090042619
http://www.google.com/patents/US20090163241
http://www.google.com/patents/US20100085382
http://www.google.com/patents/US20100231541
http://www.google.com/patents/US20100298032
http://www.google.com/patents/US20100298033
http://www.google.com/patents/US20110059775
http://www.google.com/patents/US20110065479
http://www.google.com/patents/US5850450
http://www.google.com/patents/US7194393
http://www.google.com/patents/US7369685
http://www.google.com/patents/US20080226132
http://www.google.com/patents/US7953259
http://www.google.com/patents/US20060076926
http://www.google.com/patents/US20070279373
http://www.google.com/patents/US5909501
http://www.google.com/patents/US6215477
http://www.google.com/patents/US7986193
http://www.google.com/patents/US20060214921
http://www.google.com/patents/US4843538
http://www.google.com/patents/US5237647
http://www.google.com/patents/US5351995
http://www.google.com/patents/US5463725
http://www.google.com/patents/US5491783
http://www.google.com/patents/US5497776
http://www.google.com/patents/US5511148
http://www.google.com/patents/US5555369
http://www.google.com/patents/US5596697
http://www.google.com/patents/US5661773
http://www.google.com/patents/US5664128
http://www.google.com/patents/US5731813
http://www.google.com/patents/US5817019
http://www.google.com/patents/US5838889
http://www.google.com/patents/US5898434
http://www.google.com/patents/US5969720
http://www.google.com/patents/US6037937
http://www.google.com/patents/US6061061
http://www.google.com/patents/US6072476
http://www.google.com/patents/US6097392
http://www.google.com/patents/US6115724
http://www.google.com/patents/US6239798
http://www.google.com/patents/US6310610
http://www.google.com/patents/US6340979
http://www.google.com/patents/US6507352
http://www.google.com/patents/US6525749
http://www.google.com/patents/US6545669
http://www.google.com/patents/US6859909
http://www.google.com/patents/US6920619
http://www.google.com/patents/US7454717
http://www.google.com/patents/US7506269
http://www.google.com/patents/US7532196
http://www.google.com/patents/US7636071
http://www.google.com/patents/US7656393
http://www.google.com/patents/US7821780
http://www.google.com/patents/US7956847
http://www.google.com/patents/US8102858
http://www.google.com/patents/USD631043
http://www.google.com/patents/US20010012000
http://www.google.com/patents/US20010047263
http://www.google.com/patents/US20020060701
http://www.google.com/patents/US20020097229
http://www.google.com/patents/US20020101457
http://www.google.com/patents/US20020116421
http://www.google.com/patents/US20030179541
http://www.google.com/patents/US20030231219
http://www.google.com/patents/US20040236774
http://www.google.com/patents/US20050012723
http://www.google.com/patents/US20050101864
http://www.google.com/patents/US20050129314
http://www.google.com/patents/US20050198592
http://www.google.com/patents/US20060001650
http://www.google.com/patents/US20060026521
http://www.google.com/patents/US20060026535
http://www.google.com/patents/US20060026536
http://www.google.com/patents/US20060031786
http://www.google.com/patents/US20060092177
http://www.google.com/patents/US20060093219
http://www.google.com/patents/US20060101354
http://www.google.com/patents/US20060161870
http://www.google.com/patents/US20060197750
http://www.google.com/patents/US20060238517
http://www.google.com/patents/US20060262188
http://www.google.com/patents/US20070097096
http://www.google.com/patents/US20070106939
http://www.google.com/patents/US20070120762
http://www.google.com/patents/US20070168890
http://www.google.com/patents/US20080005703
http://www.google.com/patents/US20080036743
http://www.google.com/patents/US20080040692
http://www.google.com/patents/US20080065720
http://www.google.com/patents/US20080082903
http://www.google.com/patents/US20080164982
http://www.google.com/patents/US20080165255
http://www.google.com/patents/US20080168396
http://www.google.com/patents/US20080211766
http://www.google.com/patents/US20080211778
http://www.google.com/patents/US20080249682
http://www.google.com/patents/US20080278455
http://www.google.com/patents/US20090033632
http://www.google.com/patents/US20090059730
http://www.google.com/patents/US20090077501
http://www.google.com/patents/US20090079699
http://www.google.com/patents/US20090094562
http://www.google.com/patents/US20090138830
http://www.google.com/patents/US20090143141
http://www.google.com/patents/US20090167696
http://www.google.com/patents/US20090193366
http://www.google.com/patents/US20090249236
http://www.google.com/patents/US20090251432
http://www.google.com/patents/US20090284478
http://www.google.com/patents/US20090295753
http://www.google.com/patents/US20090309846
http://www.google.com/patents/US20090327975
http://www.google.com/patents/US20100013768
http://www.google.com/patents/US20100016049
http://www.google.com/patents/US20100020025
http://www.google.com/patents/US20100050076
http://www.google.com/patents/US20100081475
http://www.google.com/patents/US20100083190
http://www.google.com/patents/US20100088641
http://www.google.com/patents/US20100090971
http://www.google.com/patents/US20100097338
http://www.google.com/patents/US20100115455
http://www.google.com/patents/US20100134415
http://www.google.com/patents/US20100188371
http://www.google.com/patents/US20100201634
http://www.google.com/patents/US20100213040
http://www.google.com/patents/US20100217428
http://www.google.com/patents/US20100241973
http://www.google.com/patents/US20100251189
http://www.google.com/patents/US20100262928
http://www.google.com/patents/US20100313124
http://www.google.com/patents/US20110050594
http://www.google.com/patents/US20110055729
http://www.google.com/patents/US20110055753
http://www.google.com/patents/US20110107220
http://www.google.com/patents/US20110115735
http://www.google.com/patents/US20110126094
http://www.google.com/patents/US20110143769
http://www.google.com/patents/US20110167336
http://www.google.com/patents/US20110181524
http://www.google.com/patents/US20110185299
http://www.google.com/patents/US20110185300
http://www.google.com/patents/US20110185320
http://www.google.com/patents/US20110191704
http://www.google.com/patents/US20110191718
http://www.google.com/patents/US20110191719
http://www.google.com/patents/US20110199386
