http://robonaut.jsc.nasa.gov/
http://www.hobbitontours.com/
http://aa.com/homePage.do
http://www.wikihow.com/Pet-a-Dolphin
http://www.blackbartlures.com/xcart/product.php?productid=16749&cat=248&page=1
http://www.ephesusremodeling.com/pages.php%3Fgo%3Dplist%26catid%3D4
http://wallpapers-catalog.com/county-cork-ireland-wallpapers.1024x768.download.html
http://restaurants.uptake.com/blog/best-romantic-restaurant-in-maui-hawaii.html
http://homeintedesign.blogspot.com/2013/01/luxury-homes-designs.html
http://www.amazon.com/The-Landscape-Makeover-Book-Bring/dp/156158259X
http://762precision.wordpress.com/product-reviews/shoot-faster-and-more-accurately-recoil-compensating-ar-15-stock/
http://americamagazine.org/issue/487/article/children-council
http://www.google.com/url?sa=t&rct=j&q=supersonic%20flight&source=web&cd=5&sqi=2&ved=0CEkQuAIwBA&url=http%3A%2F%2Fwww.wimp.com%2Fsupersonicflight%2F&ei=apsmUcPCLtKTqwHzvIGADQ&usg=AFQjCNEWjEoctBz1cc1p5-LDiAxMHHQg7w
http://www.amazon.com/Cook-Islands-Rarotonga-Adventures-ebook/dp/B005NBMHIY/ref=sr_1_8?s=books&ie=UTF8&qid=1361121323&sr=1-8&keywords=the+cook+islands
https://www.google.com/search?q=london+clock&aq=f&um=1&ie=UTF-8&hl=en&tbm=isch&source=og&sa=N&tab=wi&ei=ScwmUbyrBNLk2wXmo4G4AQ&biw=1140&bih=934&sei=SswmUb_iMqji2gXPvIDgCg
http://www.galapagosexplorer.com/index.php
http://www.keystoneresort.com/explore-keystone/the-mountain/the-mountain.aspx
https://www.google.com/url?sa=i&rct=j&q=&esrc=s&source=images&cd=&docid=Q2g8xhcePqVXFM&tbnid=8GGAmdSAdOrRkM:&ved=0CAUQjRw&url=http%3A%2F%2Fwww.greenbaba.com%2F2100mah-4-in-1-usb-interchangeable-charger-set-white-p-399.html&ei=i5QlUcftHqLE2gXZhIGADQ&bvm=bv.42661473,d.b2I&psig=AFQjCNEMBOn9STYq_RxTwN0RZNS3uow_Ew&ust=1361503749307327
http://gocaribbean.about.com/od/hotelsandresor2/tp/DRallinclusives.htm
http://en.wikipedia.org/wiki/Suzuki_GSX-R750
http://ad.doubleclick.net/click;h=v8/3d8e/0/0/%2a/g;268003378;0-0;1;36501780;3454-728/90;50865898/50837126/1;;~aopt=2/1/69/0;~sscs=%3fhttp://www.cia.gov/careers/opportunities/science-technology/view-jobs.html
http://vacationpackage.net/143/hawaii-vacation-packages/
http://www.sciencebuzz.org/blog/oh_deer_using_predator_urine_to_stop_vehicle_crashes
https://www.google.com/url?sa=i&rct=j&q=&esrc=s&source=images&cd=&docid=Ie52J4SYbSS_dM&tbnid=yvudJFonpVmpoM:&ved=&url=http%3A%2F%2Fislamicartdb.com%2Fleave-everything-in-gods-hands%2F&ei=8V4mUey3GKrK2AWS0oHoCA&psig=AFQjCNHB5PUZfcHYB_d4kqS0qGozmZZD1Q&ust=1361555538753052
http://www.ign.com/articles/2012/09/27/elementary-pilot-review
http://blukatkraft.blogspot.com/2012/09/bead-storage-craft-room-ideas.html
http://www.express.com/view-all-dresses-683/control/page/81/show/80/index.cat
http://www.dreamstime.com/royalty-free-stock-images-word-sports-image15803419
http://en.wikipedia.org/wiki/Boomerang
http://www.google.com/url?sa=t&rct=j&q=supersonic%20flight&source=web&cd=6&sqi=2&ved=0CEwQuAIwBQ&url=http%3A%2F%2Fwww.youtube.com%2Fwatch%3Fv%3DgWGLAAYdbbc&ei=apsmUcPCLtKTqwHzvIGADQ&usg=AFQjCNHc3UD1Su8CxGiSimOfj_CWHCVWVw
http://www.uswardogs.org/id130.html
http://www.discoverhawaiitours.com/to/oahudolphinsnorkel_70.html
http://www.cheapcaribbean.com/resorts/Jamaica/Grand-Palladium-Jamaica-Resort-Spa/3375.html?searchParameters.bookingType=P&priceAndBook.packageId=5172
http://campfiregrill.com/cooking.htm
http://www.cfhbuilders.com/
http://www.glogster.com/old/view%3Fnickname%3Djerdil%26title%3Dof-mice-in-men-chapter-4/
http://www.truckspring.com/suspension-parts/lift-kits.aspx
http://www.shapeways.com/model/664832/1-700-martin-167-maryland-x6.html
http://www.google.com/url?sa=i&rct=j&q=hotels+in+hawaii&source=images&cd=&docid=yXv8eictwO3TwM&tbnid=99ha-fihQR0VnM:&ved=0CAUQjRw&url=http%3A%2F%2Fhotels-design.blogspot.com%2F2011%2F06%2Fhotels-in-hawaii.html&ei=Nr8mUY6TFdP82gXR4IGwBg&bvm=bv.42768644,d.b2I&psig=AFQjCNFKHU6n0OTsci1xxEHibvxWTOx6IA&ust=1361580187806301
http://en.wikipedia.org/wiki/File:BH_LMC.png
https://itunes.apple.com/us/album/night-visions-deluxe-version/id598674954
http://www.texashillcountry.com/
http://www.mckenziesp.com/
http://www.shangri-la.com/uploadedImages/Shangri-la_Hotels/Yanuca,_Fiji,_Shangri-La%E2%80%99s_Fijian_Resort_and_Spa/rooms-suites/suites/FIJ-Deluxe-Beach-Bure-Suite.jpg?width=720&height=283&mode=crop&quality=80
http://www.commercialappeal.com/news/2008/oct/31/calmly-creative/
http://www.google.com/url?sa=i&rct=j&q=+texas+a%26m&source=images&cd=&docid=eYUJkoTSE63maM&tbnid=zfZ8ts5XyZa3gM:&ved=0CAUQjRw&url=http%3A%2F%2Fthebig12basketballblog.wordpress.com%2Fcategory%2Ftexas-tech%2Fpage%2F2%2F&ei=6XAmUc2kG8eF2AXJrYDAAw&bvm=bv.42661473,d.b2I&psig=AFQjCNGYJYd77K2CQA7GfppMxfNlzIJdZA&ust=1361560136360459
http://www.huladancehq.com/hula-dancing-history.html
https://www.google.com/search?hl=en&sugexp=les%3B&gs_rn=4&gs_ri=psy-ab&tok=7ho_TLpWYj6p_YXUNB1QYQ&pq=mountains&cp=1&gs_id=4&xhr=t&q=rocky+mountains&bav=on.2,or.r_gc.r_pw.r_qf.&biw=1920&bih=965&um=1&ie=UTF-8&tbm=isch&source=og&sa=N&tab=wi&ei=NKQlUY_MDeT82gXzhoHIBg
http://pinterest.com/search/pins/?q=wine+celar
http://en.wikipedia.org/wiki/File:2006_gsxr750.jpg
http://www.google.com/url?sa=i&rct=j&q=flights+to+bahamas&source=images&cd=&docid=M3kPmZ9m9ZtXHM&tbnid=7lc_oPoaj6ClTM:&ved=0CAUQjRw&url=http%3A%2F%2Fmyallinclusivedeals.com%2Fcheap-flights-to-bahamas%2F&ei=n0ciUYPeBaqa2gWXy4HoBA&psig=AFQjCNE6bKqP2sRKdQwNNNKtDfJCFGb_SQ&ust=1361287421791563
http://www.foodielovesfitness.com/2012/10/20/my-interview-with-amputee-triathlete-sarah-reinertsen/
http://www.google.com/url?sa=i&rct=j&q=prosthetic+research&source=images&cd=&docid=A4mjMeK1bTouNM&tbnid=cnP8t_hlEC9njM:&ved=0CAUQjRw&url=http%3A%2F%2Fwww.seewinter.com%2Fabout-us%2Fsponsors&ei=6ZcmUYn-HsnE2gWch4HoAg&bvm=bv.42661473,d.b2I&psig=AFQjCNFTQLUMlPXj5U2Qq8EcqYAKGnxNrw&ust=1361569953800548
http://en.wikipedia.org/wiki/File:Flag_of_Germany.svg
http://www.myhomevineyard.com/Vineyard_Maintenance.html
http://www.zermatt.ch/de/page.cfm/pp_matterhorn_glacier_paradise
http://www.latimes.com/
http://www.guardian.co.uk/world/bullfighting
http://www.dailygalaxy.com/.a/6a00d8341bf7f753ef0120a7003fe5970b-pi
http://en.wikipedia.org/wiki/File:New_york_times_square-terabass.jpg
http://www.autoevolution.com/news-g-image/bmw-motorcycles-get-new-colors-for-2012/54317.html
http://www.glidemagazine.com/hiddentrack/category/van-halen/
http://en.wikipedia.org/wiki/Hell
http://www.reddit.com/r/Iceland/
http://pinterest.com/pin/329959110169109458/
http://en.wikipedia.org/wiki/File:Fijians,_Raviravi,_Fiji,_Summer_2006.jpg
http://www.rehab.research.va.gov/jour/11/486/images/peerdeman486f01lb.jpg
http://pinterest.com/pin/120963939962739355/
http://halo.wikia.com/wiki/Halo_4
http://bl-eu.tumblr.com/post/7922263214
https://www.facebook.com/Buzios.IN
http://www.amazon.com/s/ref=nb_sb_noss_1?url=search-alias%3Daps&field-keywords=bleach
http://redzone.org/index.php/about_us/
http://www.orbitz.com/travel-guide/Caribbean.tg5441761/
https://www.google.com/url?sa=i&rct=j&q=&esrc=s&source=images&cd=&docid=uF8mMVZWR_qOwM&tbnid=e_AEd-0uuD0rlM:&ved=&url=http%3A%2F%2Fbriannall73.wordpress.com%2F&ei=22AmUfn3E4rg2AX_v4G4AQ&bvm=bv.42661473,d.b2I&psig=AFQjCNGoR_UcNRLIe_cHx7wzaCFQ8yZU7A&ust=1361555993930260
http://best-diving.org/special-diving-courses1/147-advanced-nitrox-and-decompression-procedures-virgin-islands-diving
http://www.thegrindstone.com/2011/05/30/career-management/office-etiquette-business-meetings/
https://www.google.com/url?sa=i&rct=j&q=&esrc=s&source=images&cd=&docid=BTa9mvcQ4MiudM&tbnid=i4upEzu4bdB18M:&ved=0CAUQjRw&url=http%3A%2F%2Fwww.tips-for-camping.com%2FRoute66.html&ei=KQMnUen6FYWO2gXloIGYDA&psig=AFQjCNE2owd6Jx6p-bbzlC5COq3nJe6-uw&ust=1361597494091909
http://sakuraskies.wordpress.com/page/2/
http://www.mancavesite.org/
http://www.google.com/url?sa=i&rct=j&q=motocross+goons&source=images&cd=&docid=oiKKpkxXbRMIwM&tbnid=orCJzBhREG4iQM:&ved=0CAUQjRw&url=http%3A%2F%2Fmotocross.transworld.net%2F1000074054%2Ffeatures%2Fmonday-kickstart-5%2F&ei=u1IlUfeJL4TwrQHGooGQBg&bvm=bv.42661473,d.aWM&psig=AFQjCNGzuickavLWWT-IXvI0a1zOGcnlgg&ust=1361486902477409
http://www.freshhomeideas.com/diy-projects/outdoor-projects/how-to-make-an-outdoor-fountain
http://wikitravel.org/en/File:Seville_Cathedral_and_Giralda.jpg
https://www.google.com/search?q=ghostbusters&rlz=1C1CHFX_enUS515US515&aq=f&um=1&ie=UTF-8&hl=en&tbm=isch&source=og&sa=N&tab=wi&ei=QLMmUc-HJsGi2gWG7IHoDA&biw=944&bih=967&sei=QrMmUdCzEaPm2gXb6IGQCA
http://www.google.com/url?sa=i&rct=j&q=jim+shockey&source=images&cd=&docid=827qLk-f-uOtPM&tbnid=UFUWBjkhoC_eXM:&ved=0CAUQjRw&url=http%3A%2F%2Fwww.missouriwhitetails.com%2Fforums%2Fviewthread.php%3Ftid%3D158138&ei=xl8lUbGrA4yA2QWMo4H4DA&bvm=bv.42661473,d.aWM&psig=AFQjCNGB-esUeYfrb-lqXtXhUq69_DPeww&ust=1361490223629994
http://www.home-designing.com/2009/10/10-innovative-stair-design-concepts
http://www.bmwmotorcycles.com/us/en/index.html
http://roderickevans.net/category/bible-study/
http://bostinno.com/2012/10/23/why-its-ok-to-move-in-with-your-parents/home-sweet-home/
http://www.houzz.com/photos/bedroom
http://en.wikipedia.org/wiki/Project_Glass
http://travel.state.gov/passport/passport_1738.html
http://www.turtlefiji.com/Accommodation
http://dayton-landscaping.com/category/home-exterior/
http://freshome.com/2011/06/06/how-to-choose-the-perfect-landscaping-plants-for-your-outdoors/
http://www.lasvegas.com/
http://www.vyperlook.com/amazing-incredible/amazing-things-you-can-control-with-your-mind
http://www.fanatics.com/COLLEGE_Texas_A_And_M_Aggies/browse/featuredproduct/494404/partnerid/8429/source/GPA_CA?CAWELAID=1447342295&adtype=(adtype)&gclid=COWNhMGDybUCFQ84nAod3EAAHQ
http://www.google.com/url?sa=i&rct=j&q=live+metal&source=images&cd=&docid=YcP4m-NdhMT_wM&tbnid=Vn93xQC6twSXBM:&ved=&url=http%3A%2F%2Ffullmetalconcerts.tumblr.com%2F&ei=FKAlUfjMBuie2AXWt4HYAw&bvm=bv.42661473,d.aWM&psig=AFQjCNG6_ztAk8pX8m-0RBOrG6rVe3oiAw&ust=1361506708604384
http://www.pelagicgear.com/shop/shorts
http://www.studentuniverse.com/
http://atheism.about.com/b/2003/10/31/catholic-church-hierarchy-or-community.htm
http://www.google.com/url?sa=i&source=images&cd=&docid=G8zrWOFIZnJ2rM&tbnid=VPCpLcquETknSM:&ved=0CAgQjRwwAA&url=http%3A%2F%2Fkapalua.com%2Factivities%2Fbeaches&ei=AoQmUZDRCeTm2QXIjYGIAg&psig=AFQjCNEPPB_CaeCrID8kwKIlz_hOK1yOUg&ust=1361565058196153
http://www.ubiquitouswisdom.com/life-in-general/stomping-grapes-or-making-wine/
http://www.wascoskylights.com/residential
http://www.earthtimes.org/energy/clean-energy-usage-continues-to-soar/482/
http://www.google.com/search?q=bunk+bed+unique&hl=en&tbm=isch&tbo=u&source=univ&sa=X&ei=OsElUZn4Domz2gWnvYCIAQ&ved=0CE8QsAQ&biw=1017&bih=602
http://www.maxconsole.com/maxcon_forums/showthread.php%3F186806-App-Store-reaches-25-billionth-download
http://en.wikipedia.org/wiki/File:Jeunes_femmes_mayas.jpg
http://en.wikipedia.org/wiki/English_cuisine
http://en.wikipedia.org/wiki/File:Flag_of_Australia.svg
http://www.collegefashion.net/beauty-and-hair/how-to-protect-yourself-from-sun-damage-still-look-great/
http://nodogaboutit.wordpress.com/2010/03/17/dogs-and-cats-and-heros-we-remember/
http://pinterest.com/calliescheffler/one-day/
http://www.google.com/patents/US5680652?dq=wedding+dress&hl=en&sa=X&ei=l_oiUeWAA9Ly2gWa7YGgBQ&ved=0CDkQ6AEwAQ
https://itunes.apple.com/us/album/collide-with-the-sky/id536038964
http://www.google.com/url?sa=i&rct=j&q=beautiful+kids+room&source=images&cd=&docid=mbkDQKhd1XLm1M&tbnid=bY_BiX6repOpPM:&ved=0CAUQjRw&url=http%3A%2F%2Fwww.besthousedesign.com%2F2010%2F05%2F03%2Fitalian-kids-bedroom-desain-ideas-dearkids%2Fbeautiful-italian-children-bedroom-decorating-ideas%2F&ei=EWkkUfaHBqqK2QW9hYDwAw&bvm=bv.42661473,d.aWM&psig=AFQjCNFrlRlLzTBnclfcJeoyEpYXyag0CQ&ust=1361427087310249
http://en.wikipedia.org/wiki/File:Flatirons_Winter_Sunrise_edit_2.jpg
http://www.holmesshoes.net/florsheim-business-casual/
http://www.lostintechnology.com/apple/iphone-apps-to-take-charge-of-your-tv/
http://futurestorm.blogspot.com/2009/07/killer-military-robots-that-feed-on.html
http://spongebob.wikia.com/wiki/This_Grill_is_Not_a_Home
http://www.concierge.com/travelguide/alaska/hotels/503757/photos/photoview/515015
http://pinterest.com/pin/155796468331303983/
http://www.topuertorico.org/exploring.shtml
http://www.123rf.com/photo_9417188_drombeg-stone-circle-county-cork-ireland.html
http://www.google.com/search?q=bonsai+care&hl=en&source=lnms&tbm=isch&sa=X&ei=Oq0mUaiMFOOO2gW0sYHABw&ved=0CAoQ_AUoAQ&biw=734&bih=702
http://www.godward.org/Hebrew%20Roots/hebrew_mind_vs__the_western_mind.htm
http://www.tropicstar.com/book-a-trip/pricing.html
http://www.alternative-energy-news.info/efficiency-of-wind-turbine-blades/
https://www.google.com/url?sa=i&rct=j&q=&esrc=s&source=images&cd=&cad=rja&docid=fHYcDXEDGEgIMM&tbnid=ytS60VEZ8f7R4M:&ved=&url=http%3A%2F%2Fmylifeinthebody.wordpress.com%2F&ei=FFUmUfaWNeia2AXn9oHADQ&bvm=bv.42661473,d.b2I&psig=AFQjCNEMn7Ul-V89s_es_lur26wogT0hJg&ust=1361552982385630
http://office-accessories.officefurniture.com/Shoal-Creek-Four-Drawer-Chest-SAU-409714.aspx?afid=pla&CAWELAID=1701453157&catargetid=1706481197&cagpspn=pla&gclid=CKWl_u7zyLUCFQ84nAod3EAAHQ
http://www.bradfordmarineyachtcharter.com/bahamas-yacht-charter.shtml
http://reason.com/archives/2013/02/21/benedict-the-brave
http://www.amputee-coalition.org/
http://biomed.tamu.edu/academics/undergraduate/
http://chipbruce.wordpress.com/2009/07/07/using-photography-for-qualitative-research/nikon-d40-digital-camera/
http://www.adele.tv/21/
http://homediypins.com/2013/02/11/master-bathroom-4/
http://pinterest.com/pin/293508100684956446/
http://www.nimvo.com/stylish-modern-office-interior-decorating-ideas/
http://weheartit.com/entry/11781212/via/nolovefoundnolovelost
http://www.yellowbluedesigns.com/2012/01/30/what-is-leed-for-homes-step-by-step-guide-for-certification/
http://en.wikipedia.org/wiki/Motocross
http://news.kievukraine.info/2010_01_01_archive.html
http://pinterest.com/pin/241787073716508576/
http://www.lulus.com/categories/13_258/little-black-dress.html
http://www.google.com/search?hl=en&q=xfinity+tv+app&bav=on.2,or.r_gc.r_pw.r_qf.&biw=1152&bih=620&um=1&ie=UTF-8&tbm=isch&source=og&sa=N&tab=wi&ei=iMImUdOoD4nE2gWZvIDACg
http://www.flyertalk.com/the-gate/category/national-car-rental
http://www.flags.net/CYIS.htm
http://www.bing.com/images/search?q=patio+decks&FORM=HDRSC2
http://www.french-alps-tours.com/contactreservations.htm
http://en.wikipedia.org/wiki/File:Caveman_1.jpg
http://www.google.com/url?sa=i&rct=j&q=the+cayman+islands&source=images&cd=&docid=0SQ3sPzLg92YgM&tbnid=LHOB-gqTBW2jdM:&ved=0CAUQjRw&url=http%3A%2F%2Fwww.worldatlas.com%2Fwebimage%2Fcountrys%2Fnamerica%2Fcaribb%2Fky.htm&ei=KrIlUefuGoy-2AWQ7oHwCg&bvm=bv.42661473,d.b2I&psig=AFQjCNEQWF0j7ycYpDmlLwIncEsrAocwSA&ust=1361511274141363
http://www.shorttermmissions.com/directory/start_year/2013/country/germany/?constraint=start_year/2013/country/germany/&STM=522b2d09bfa76aae1be1739d3f92ceec
http://www.fanpop.com/clubs/dogs/images/13286656/title/cute-dog
http://erwinnavyanto.in/bass-fishing-boat/
http://24.media.tumblr.com/tumblr_me3475B61s1qzamioo1_1280.jpg
http://en.wikipedia.org/wiki/Desmodromic_valve
http://www.fcbarcelona.com/info-tickets/next-matches-football
http://www.google.com/search?q=Cool+mirrors+for+homes&hl=en&tbo=d&source=lnms&tbm=isch&sa=X&ei=V7wiUYDUM4ODqgGrnoG4AQ&ved=0CAcQ_AUoAQ&biw=784&bih=747#hl=en&tbo=d&tbm=isch&sa=1&q=cool+exterior+homes&oq=cool+exterior+homes&gs_l=img.3...49048.51660.0.51792.19.15.0.4.4.1.343.1132.13j1j0j1.15.0...0.0...1c.1.3.img.55RIaM00F7M&bav=on.2,or.r_gc.r_pw.r_qf.&bvm=bv.42553238,d.aWM&fp=e2a36d84e336e09&biw=784&bih=747
http://www.google.com/search?q=deep+water+soloing&um=1&ie=UTF-8&hl=en&tbm=isch&source=og&sa=N&tab=wi&ei=ZaAeUaXpDoWtqwGl7ICYBQ&biw=859&bih=771&sei=ZqAeUeOmHYq5qgG8vYG4CA
http://www.huntingdeerblinds.com/
http://preppingtosurvive.blogspot.com/2012/11/learn-from-camping.html
http://pitchfork.com/news/49205-jeff-mangum-extends-tour/
http://blog.findinghawaii.com/poipu-beach/
http://design-seeds.com/index.php/home/entry/peacock-palette
http://www.amazon.com/Decorate-Design-Ideas-Every-Room/dp/0811877892
http://www.google.com/url?sa=i&rct=j&q=ducati+999&source=images&cd=&docid=nrp8oFRg4i5VVM&tbnid=VJ5YkOegHZ73MM:&ved=0CAUQjRw&url=http%3A%2F%2Fwww.motorcycle-usa.com%2F101%2F398%2FMotorcycle-Article%2F2003-Ducati-999.aspx&ei=RS4mUdzZA8Tm2AXauYC4DA&bvm=bv.42661473,d.b2I&psig=AFQjCNHmVNv5-ee5H8BFfIDC-0FRYJUSKg&ust=1361543104453977
http://www.bahamas.com/bahamas/nassau-paradise-island
http://www.jetblue.com/vacations/turks-caicos-vacations
http://www.rocklandtimes.com/2012/10/18/rockland-county-represents-at-comic-con/
http://en.wikipedia.org/wiki/Dry_clutch#Wet_and_dry
http://en.wikipedia.org/wiki/Rio_de_Janeiro
http://en.wikipedia.org/wiki/File:Bladef16-1up.jpg
http://www.google.com/patents/US20100223579?dq=iphone&hl=en&sa=X&ei=fjshUYCHE9KTqwHwy4FA&ved=0CDYQ6AEwAA
http://www.nzkayaktours.com/
http://foto.xplor.travel/
http://www.clker.com/clipart-letter-i-.html
http://www.sciencephoto.com/media/187903/view
https://www.google.com/search?q=backpacking+europe&aq=f&um=1&ie=UTF-8&hl=en&tbm=isch&source=og&sa=N&tab=wi&ei=5s0mUeeqM4Xk2wWtw4GgDw&biw=1140&bih=934&sei=6M0mUanpO4mA2gWakoG4BQ
http://www.jitourism.com/cape-cod-is-the-tourist-destination-has-beautiful-landscapes/cape-cod-massachusetts-northeastern-united-states-beautiful-scenery-and-clean-beaches/
http://www.google.com/search?q=galaxies+colliding&aq=f&oq=galaxies+colliding&sourceid=chrome&ie=UTF-8
http://www.realmadrid.com/cs/Satellite/en/Home.htm
http://my.opera.com/nukengmini/albums/showpic.dml?album=10371362&picture=138006192
http://www.travelocity.com/
http://gocaribbean.about.com/od/8/tp/Top-Beaches-On-St-John-U-S-Virgin-Islands.htm
http://www.google.com/url?sa=i&rct=j&q=Tra+Carson&source=images&cd=&docid=3mkKn-zXR8B-4M&tbnid=cx3GsK1KibaQUM:&ved=0CAUQjRw&url=http%3A%2F%2Fv4.texags.com%2Fmedia%2Fgallery%2F2012-08-06&ei=jEUmUeu7FqXP2QW774HwCQ&bvm=bv.42661473,d.b2I&psig=AFQjCNHM06cgu4tgBKUnpdgiSccSfM3Tyg&ust=1361548299817631
http://www.4wheeloffroad.com/techarticles/131_0905_60_4x4_truck_parts_upgrades_tips/photo_48.html
http://www.woodcarvingillustrated.com/gallery/showphoto.php/photo/1863/title/ball-in-ball-in-ball-whimsey-by-spiritsock/cat/521
http://www.travelallrussia.com/tours/?_kk=tours%20of%20st%20petersburg%20russia&_kt=0016fb9b-8607-4cfb-9573-d7959f0e74a0&gclid=CN7l2avuxrUCFQGunQod1DUADQ
http://www.newzealand.com/us/feature/favourite-new-zealand-foods/
http://gizmodo.com/5419181/the-bone+chilling-sound-of-the-planets-wont-let-you-sleep-tonight
http://www.aib-studyabroad.org/programs_sabina1.php
http://imgfave.com/view/2091104
http://blogs.sacbee.com/photos/2012/02/brazil-carnival-2012.html
http://morethanarchitects.wordpress.com/2012/01/17/convincing-your-husband-to-let-you-decorate-your-way/
http://www.andamanadventures.com/deep_water_soloing.shtml
http://www.google.com/search?hl=en&q=Ford+F250&bav=on.2,or.r_gc.r_pw.r_qf.&bvm=bv.42553238,d.b2U&biw=1152&bih=620&um=1&ie=UTF-8&tbm=isch&source=og&sa=N&tab=wi&ei=1t4iUbGyFcS1qgHE9IGAAQ
http://www.ecofriend.com/how-to-shop-for-eco-friendly-appliances.html
